Archive member included to satisfy reference by file (symbol)

F:\source\repos\Capstone-ChickenCoopDoor\Main Door\Main Door\Main Door\ArduinoCore\Release\libArduinoCore.a(main.o)
                              F:/Atmel/7.0/Packs/atmel/ATmega_DFP/1.2.209/gcc/dev/atmega328p/avr5/crtatmega328p.o (main)
F:\source\repos\Capstone-ChickenCoopDoor\Main Door\Main Door\Main Door\ArduinoCore\Release\libArduinoCore.a(new.o)
                              Sketch.o (_Znwj)
F:\source\repos\Capstone-ChickenCoopDoor\Main Door\Main Door\Main Door\ArduinoCore\Release\libArduinoCore.a(Print.o)
                              Display.o (_ZN5Print5printERK6String)
F:\source\repos\Capstone-ChickenCoopDoor\Main Door\Main Door\Main Door\ArduinoCore\Release\libArduinoCore.a(wiring.o)
                              Display.o (millis)
F:\source\repos\Capstone-ChickenCoopDoor\Main Door\Main Door\Main Door\ArduinoCore\Release\libArduinoCore.a(wiring_analog.o)
                              Sketch.o (analogReference)
F:\source\repos\Capstone-ChickenCoopDoor\Main Door\Main Door\Main Door\ArduinoCore\Release\libArduinoCore.a(wiring_digital.o)
                              Safety.o (pinMode)
F:\source\repos\Capstone-ChickenCoopDoor\Main Door\Main Door\Main Door\ArduinoCore\Release\libArduinoCore.a(WString.o)
                              Display.o (_ZN6StringD1Ev)
F:\source\repos\Capstone-ChickenCoopDoor\Main Door\Main Door\Main Door\ArduinoCore\Release\libArduinoCore.a(Adafruit_RGBLCDShield.o)
                              Display.o (_ZTV21Adafruit_RGBLCDShield)
F:\source\repos\Capstone-ChickenCoopDoor\Main Door\Main Door\Main Door\ArduinoCore\Release\libArduinoCore.a(Adafruit_MCP23017.o)
                              F:\source\repos\Capstone-ChickenCoopDoor\Main Door\Main Door\Main Door\ArduinoCore\Release\libArduinoCore.a(Adafruit_RGBLCDShield.o) (_ZN17Adafruit_MCP230175beginEv)
F:\source\repos\Capstone-ChickenCoopDoor\Main Door\Main Door\Main Door\ArduinoCore\Release\libArduinoCore.a(Wire.o)
                              F:\source\repos\Capstone-ChickenCoopDoor\Main Door\Main Door\Main Door\ArduinoCore\Release\libArduinoCore.a(Adafruit_MCP23017.o) (_ZN7TwoWire4readEv)
F:\source\repos\Capstone-ChickenCoopDoor\Main Door\Main Door\Main Door\ArduinoCore\Release\libArduinoCore.a(abi.o)
                              F:\source\repos\Capstone-ChickenCoopDoor\Main Door\Main Door\Main Door\ArduinoCore\Release\libArduinoCore.a(Print.o) (__cxa_pure_virtual)
F:\source\repos\Capstone-ChickenCoopDoor\Main Door\Main Door\Main Door\ArduinoCore\Release\libArduinoCore.a(hooks.o)
                              F:\source\repos\Capstone-ChickenCoopDoor\Main Door\Main Door\Main Door\ArduinoCore\Release\libArduinoCore.a(wiring.o) (yield)
F:\source\repos\Capstone-ChickenCoopDoor\Main Door\Main Door\Main Door\ArduinoCore\Release\libArduinoCore.a(twi.o)
                              F:\source\repos\Capstone-ChickenCoopDoor\Main Door\Main Door\Main Door\ArduinoCore\Release\libArduinoCore.a(Wire.o) (twi_init)
f:/atmel/7.0/toolchain/avr8/avr8-gnu-toolchain/bin/../lib/gcc/avr/5.4.0/../../../../avr/lib/avr5\libm.a(addsf3.o)
                              F:\source\repos\Capstone-ChickenCoopDoor\Main Door\Main Door\Main Door\ArduinoCore\Release\libArduinoCore.a(Print.o) (__subsf3)
f:/atmel/7.0/toolchain/avr8/avr8-gnu-toolchain/bin/../lib/gcc/avr/5.4.0/../../../../avr/lib/avr5\libm.a(addsf3x.o)
                              f:/atmel/7.0/toolchain/avr8/avr8-gnu-toolchain/bin/../lib/gcc/avr/5.4.0/../../../../avr/lib/avr5\libm.a(addsf3.o) (__addsf3x)
f:/atmel/7.0/toolchain/avr8/avr8-gnu-toolchain/bin/../lib/gcc/avr/5.4.0/../../../../avr/lib/avr5\libm.a(cmpsf2.o)
                              F:\source\repos\Capstone-ChickenCoopDoor\Main Door\Main Door\Main Door\ArduinoCore\Release\libArduinoCore.a(Print.o) (__ltsf2)
f:/atmel/7.0/toolchain/avr8/avr8-gnu-toolchain/bin/../lib/gcc/avr/5.4.0/../../../../avr/lib/avr5\libm.a(divsf3.o)
                              F:\source\repos\Capstone-ChickenCoopDoor\Main Door\Main Door\Main Door\ArduinoCore\Release\libArduinoCore.a(Print.o) (__divsf3)
f:/atmel/7.0/toolchain/avr8/avr8-gnu-toolchain/bin/../lib/gcc/avr/5.4.0/../../../../avr/lib/avr5\libm.a(divsf3x.o)
                              f:/atmel/7.0/toolchain/avr8/avr8-gnu-toolchain/bin/../lib/gcc/avr/5.4.0/../../../../avr/lib/avr5\libm.a(divsf3.o) (__divsf3x)
f:/atmel/7.0/toolchain/avr8/avr8-gnu-toolchain/bin/../lib/gcc/avr/5.4.0/../../../../avr/lib/avr5\libm.a(fixunssfsi.o)
                              F:\source\repos\Capstone-ChickenCoopDoor\Main Door\Main Door\Main Door\ArduinoCore\Release\libArduinoCore.a(Print.o) (__fixunssfsi)
f:/atmel/7.0/toolchain/avr8/avr8-gnu-toolchain/bin/../lib/gcc/avr/5.4.0/../../../../avr/lib/avr5\libm.a(floatsisf.o)
                              F:\source\repos\Capstone-ChickenCoopDoor\Main Door\Main Door\Main Door\ArduinoCore\Release\libArduinoCore.a(Print.o) (__floatunsisf)
[...]
Memory Configuration

Name             Origin             Length             Attributes
text             0x00000000         0x00020000         xr
data             0x00800060         0x0000ffa0         rw !x
eeprom           0x00810000         0x00010000         rw !x
fuse             0x00820000         0x00000003         rw !x
lock             0x00830000         0x00000400         rw !x
signature        0x00840000         0x00000400         rw !x
user_signatures  0x00850000         0x00000400         rw !x
*default*        0x00000000         0xffffffff

Linker script and memory map

Address of section .data set to 0x800100
LOAD F:/Atmel/7.0/Packs/atmel/ATmega_DFP/1.2.209/gcc/dev/atmega328p/avr5/crtatmega328p.o
LOAD Display.o
LOAD Safety.o
LOAD Sketch.o
START GROUP
LOAD f:/atmel/7.0/toolchain/avr8/avr8-gnu-toolchain/bin/../lib/gcc/avr/5.4.0/../../../../avr/lib/avr5\libm.a
LOAD F:\source\repos\Capstone-ChickenCoopDoor\Main Door\Main Door\Main Door\ArduinoCore\Release\libArduinoCore.a
END GROUP
LOAD f:/atmel/7.0/toolchain/avr8/avr8-gnu-toolchain/bin/../lib/gcc/avr/5.4.0/avr5\libgcc.a
LOAD f:/atmel/7.0/toolchain/avr8/avr8-gnu-toolchain/bin/../lib/gcc/avr/5.4.0/../../../../avr/lib/avr5\libm.a
START GROUP
LOAD f:/atmel/7.0/toolchain/avr8/avr8-gnu-toolchain/bin/../lib/gcc/avr/5.4.0/avr5\libgcc.a
LOAD f:/atmel/7.0/toolchain/avr8/avr8-gnu-toolchain/bin/../lib/gcc/avr/5.4.0/../../../../avr/lib/avr5\libm.a
LOAD f:/atmel/7.0/toolchain/avr8/avr8-gnu-toolchain/bin/../lib/gcc/avr/5.4.0/../../../../avr/lib/avr5\libc.a
LOAD F:/Atmel/7.0/Packs/atmel/ATmega_DFP/1.2.209/gcc/dev/atmega328p/avr5\libatmega328p.a
END GROUP
                0x00000000                __TEXT_REGION_ORIGIN__ = DEFINED (__TEXT_REGION_ORIGIN__)?__TEXT_REGION_ORIGIN__:0x0
                0x00800060                __DATA_REGION_ORIGIN__ = DEFINED (__DATA_REGION_ORIGIN__)?__DATA_REGION_ORIGIN__:0x800060
                0x00020000                __TEXT_REGION_LENGTH__ = DEFINED (__TEXT_REGION_LENGTH__)?__TEXT_REGION_LENGTH__:0x20000
                0x0000ffa0                __DATA_REGION_LENGTH__ = DEFINED (__DATA_REGION_LENGTH__)?__DATA_REGION_LENGTH__:0xffa0
                0x00010000                __EEPROM_REGION_LENGTH__ = DEFINED (__EEPROM_REGION_LENGTH__)?__EEPROM_REGION_LENGTH__:0x10000
                [0x00000003]                __FUSE_REGION_LENGTH__ = DEFINED (__FUSE_REGION_LENGTH__)?__FUSE_REGION_LENGTH__:0x400
                0x00000400                __LOCK_REGION_LENGTH__ = DEFINED (__LOCK_REGION_LENGTH__)?__LOCK_REGION_LENGTH__:0x400
                0x00000400                __SIGNATURE_REGION_LENGTH__ = DEFINED (__SIGNATURE_REGION_LENGTH__)?__SIGNATURE_REGION_LENGTH__:0x400
                0x00000400                __USER_SIGNATURE_REGION_LENGTH__ = DEFINED (__USER_SIGNATURE_REGION_LENGTH__)?__USER_SIGNATURE_REGION_LENGTH__:0x400

.hash
 *(.hash)

.dynsym
 *(.dynsym)

.dynstr
 *(.dynstr)

.gnu.version
 *(.gnu.version)

.gnu.version_d
 *(.gnu.version_d)

.gnu.version_r
 *(.gnu.version_r)

.rel.init
 *(.rel.init)

.rela.init
 *(.rela.init)

.rel.text
 *(.rel.text)
 *(.rel.text.*)
 *(.rel.gnu.linkonce.t*)

.rela.text
 *(.rela.text)
 *(.rela.text.*)
 *(.rela.gnu.linkonce.t*)

.rel.fini
 *(.rel.fini)

.rela.fini
 *(.rela.fini)

.rel.rodata
 *(.rel.rodata)
 *(.rel.rodata.*)
 *(.rel.gnu.linkonce.r*)

.rela.rodata
 *(.rela.rodata)
 *(.rela.rodata.*)
 *(.rela.gnu.linkonce.r*)

.rel.data
 *(.rel.data)
 *(.rel.data.*)
 *(.rel.gnu.linkonce.d*)

.rela.data
 *(.rela.data)
 *(.rela.data.*)
 *(.rela.gnu.linkonce.d*)

.rel.ctors
 *(.rel.ctors)

.rela.ctors
 *(.rela.ctors)

.rel.dtors
 *(.rel.dtors)

.rela.dtors
 *(.rela.dtors)

.rel.got
 *(.rel.got)

.rela.got
 *(.rela.got)

.rel.bss
 *(.rel.bss)

.rela.bss
 *(.rela.bss)

.rel.plt
 *(.rel.plt)

.rela.plt
 *(.rela.plt)

.text           0x00000000     0x2dd8
 *(.vectors)
 .vectors       0x00000000       0x68 F:/Atmel/7.0/Packs/atmel/ATmega_DFP/1.2.209/gcc/dev/atmega328p/avr5/crtatmega328p.o
                0x00000000                __vector_default
                0x00000000                __vectors
 *(.vectors)
 *(.progmem.gcc*)
                0x00000068                . = ALIGN (0x2)
                0x00000068                __trampolines_start = .
 *(.trampolines)
 .trampolines   0x00000068        0x0 linker stubs
 *(.trampolines*)
                0x00000068                __trampolines_end = .
 *libprintf_flt.a:*(.progmem.data)
 *libc.a:*(.progmem.data)
 *(.progmem*)
 .progmem.data.digital_pin_to_timer_PGM
                0x00000068       0x14 F:\source\repos\Capstone-ChickenCoopDoor\Main Door\Main Door\Main Door\ArduinoCore\Release\libArduinoCore.a(wiring_digital.o)
                0x00000068                digital_pin_to_timer_PGM
 .progmem.data.digital_pin_to_bit_mask_PGM
                0x0000007c       0x14 F:\source\repos\Capstone-ChickenCoopDoor\Main Door\Main Door\Main Door\ArduinoCore\Release\libArduinoCore.a(wiring_digital.o)
                0x0000007c                digital_pin_to_bit_mask_PGM
 .progmem.data.digital_pin_to_port_PGM
                0x00000090       0x14 F:\source\repos\Capstone-ChickenCoopDoor\Main Door\Main Door\Main Door\ArduinoCore\Release\libArduinoCore.a(wiring_digital.o)
                0x00000090                digital_pin_to_port_PGM
 .progmem.data.port_to_input_PGM
                0x000000a4        0xa F:\source\repos\Capstone-ChickenCoopDoor\Main Door\Main Door\Main Door\ArduinoCore\Release\libArduinoCore.a(wiring_digital.o)
                0x000000a4                port_to_input_PGM
 .progmem.data.port_to_output_PGM
                0x000000ae        0xa F:\source\repos\Capstone-ChickenCoopDoor\Main Door\Main Door\Main Door\ArduinoCore\Release\libArduinoCore.a(wiring_digital.o)
                0x000000ae                port_to_output_PGM
 .progmem.data.port_to_mode_PGM
                0x000000b8        0xa F:\source\repos\Capstone-ChickenCoopDoor\Main Door\Main Door\Main Door\ArduinoCore\Release\libArduinoCore.a(wiring_digital.o)
                0x000000b8                port_to_mode_PGM
                0x000000c2                . = ALIGN (0x2)
 *(.jumptables)
 *(.jumptables*)
 *(.lowtext)
 *(.lowtext*)
                0x000000c2                __ctors_start = .
 *(.ctors)
 .ctors         0x000000c2        0x2 Sketch.o
 .ctors         0x000000c4        0x2 F:\source\repos\Capstone-ChickenCoopDoor\Main Door\Main Door\Main Door\ArduinoCore\Release\libArduinoCore.a(Wire.o)
                0x000000c6                __ctors_end = .
                0x000000c6                __dtors_start = .
 *(.dtors)
 .dtors         0x000000c6        0x2 Sketch.o
                0x000000c8                __dtors_end = .
 SORT(*)(.ctors)
 SORT(*)(.dtors)
 *(.init0)
 .init0         0x000000c8        0x0 F:/Atmel/7.0/Packs/atmel/ATmega_DFP/1.2.209/gcc/dev/atmega328p/avr5/crtatmega328p.o
                0x000000c8                __init
 *(.init0)
 *(.init1)
 *(.init1)
 *(.init2)
 .init2         0x000000c8        0xc F:/Atmel/7.0/Packs/atmel/ATmega_DFP/1.2.209/gcc/dev/atmega328p/avr5/crtatmega328p.o
 *(.init2)
 *(.init3)
 *(.init3)
 *(.init4)
 .init4         0x000000d4       0x16 f:/atmel/7.0/toolchain/avr8/avr8-gnu-toolchain/bin/../lib/gcc/avr/5.4.0/avr5\libgcc.a(_copy_data.o)
                0x000000d4                __do_copy_data
 .init4         0x000000ea       0x10 f:/atmel/7.0/toolchain/avr8/avr8-gnu-toolchain/bin/../lib/gcc/avr/5.4.0/avr5\libgcc.a(_clear_bss.o)
                0x000000ea                __do_clear_bss
 *(.init4)
 *(.init5)
 *(.init5)
 *(.init6)
 .init6         0x000000fa       0x16 f:/atmel/7.0/toolchain/avr8/avr8-gnu-toolchain/bin/../lib/gcc/avr/5.4.0/avr5\libgcc.a(_ctors.o)
                0x000000fa                __do_global_ctors
 *(.init6)
 *(.init7)
 *(.init7)
 *(.init8)
 *(.init8)
 *(.init9)
 .init9         0x00000110        0x8 F:/Atmel/7.0/Packs/atmel/ATmega_DFP/1.2.209/gcc/dev/atmega328p/avr5/crtatmega328p.o
 *(.init9)
 *(.text)
 .text          0x00000118        0x4 F:/Atmel/7.0/Packs/atmel/ATmega_DFP/1.2.209/gcc/dev/atmega328p/avr5/crtatmega328p.o
                0x00000118                __vector_22
                0x00000118                __vector_12
                0x00000118                __bad_interrupt
                0x00000118                __vector_6
                0x00000118                __vector_23
                0x00000118                __vector_25
                0x00000118                __vector_11
                0x00000118                __vector_13
                0x00000118                __vector_17
                0x00000118                __vector_19
                0x00000118                __vector_7
                0x00000118                __vector_4
                0x00000118                __vector_9
                0x00000118                __vector_21
                0x00000118                __vector_15
                0x00000118                __vector_8
                0x00000118                __vector_14
                0x00000118                __vector_10
                0x00000118                __vector_18
                0x00000118                __vector_20
                0x0000011c                . = ALIGN (0x2)
 *(.text.*)
 .text._ZN7Display8print2lnE6StringS0_
                0x0000011c       0x50 Display.o
                0x0000011c                _ZN7Display8print2lnE6StringS0_
 .text._ZN7Display11refreshLineEv
                0x0000016c      0x106 Display.o
                0x0000016c                _ZN7Display11refreshLineEv
 .text._ZN7Display17setCurrentDisplayE6StringS0_iPiiib
                0x00000272      0x114 Display.o
                0x00000272                _ZN7Display17setCurrentDisplayE6StringS0_iPiiib
 .text._ZN7Display13selectDisplayEibPcS0_
                0x00000386      0x252 Display.o
                0x00000386                _ZN7Display13selectDisplayEibPcS0_
 .text._ZN7DisplayC2E21Adafruit_RGBLCDShield
                0x000005d8       0xb2 Display.o
                0x000005d8                _ZN7DisplayC1E21Adafruit_RGBLCDShield
                0x000005d8                _ZN7DisplayC2E21Adafruit_RGBLCDShield
 .text._ZN7Display21UpdateMenuFromButtonsEm
                0x0000068a       0xb2 Display.o
                0x0000068a                _ZN7Display21UpdateMenuFromButtonsEm
 .text._ZN6Safety12disableMotorEbi.part.0
                0x0000073c       0x36 Safety.o
 .text._ZN6SafetyC2Ev
                0x00000772        0x2 Safety.o
                0x00000772                _ZN6SafetyC1Ev
                0x00000772                _ZN6SafetyC2Ev
 .text._ZN6Safety12deviceStatusEi
                0x00000774       0x42 Safety.o
                0x00000774                _ZN6Safety12deviceStatusEi
 .text._ZN6Safety12cntEventIncrEi
                0x000007b6       0x22 Safety.o
                0x000007b6                _ZN6Safety12cntEventIncrEi
 .text._ZN6Safety12inEventCountEv
                0x000007d8        0x8 Safety.o
                0x000007d8                _ZN6Safety12inEventCountEv
 .text._ZN6Safety14emergencyStallEv
                0x000007e0       0x10 Safety.o
                0x000007e0                _ZN6Safety14emergencyStallEv
 .text._ZN6Safety12disableMotorEbi
                0x000007f0       0x18 Safety.o
                0x000007f0                _ZN6Safety12disableMotorEbi
 .text._ZN6Safety8setRelayEi
                0x00000808       0x44 Safety.o
                0x00000808                _ZN6Safety8setRelayEi
 .text._ZN6Safety9setDeviceEii.part.1
                0x0000084c       0x38 Safety.o
 .text._ZN6Safety9setDeviceEii
                0x00000884       0x4c Safety.o
                0x00000884                _ZN6Safety9setDeviceEii
 .text._ZN6Safety13emergencyOpenEv
                0x000008d0       0x5a Safety.o
                0x000008d0                _ZN6Safety13emergencyOpenEv
 .text.setup    0x0000092a      0x118 Sketch.o
                0x0000092a                setup
 .text.loop     0x00000a42       0x36 Sketch.o
                0x00000a42                loop
 .text.__vector_1
                0x00000a78       0x6c Sketch.o
                0x00000a78                __vector_1
 .text.__vector_2
                0x00000ae4       0x6c Sketch.o
                0x00000ae4                __vector_2
 .text.__vector_5
                0x00000b50       0x80 Sketch.o
                0x00000b50                __vector_5
 .text.__vector_3
                0x00000bd0       0x6c Sketch.o
                0x00000bd0                __vector_3
 .text.startup._GLOBAL__sub_I_Temperature
                0x00000c3c       0x20 Sketch.o
 .text.exit._GLOBAL__sub_D_Temperature
                0x00000c5c       0x10 Sketch.o
 .text.initVariant
                0x00000c6c        0x2 F:\source\repos\Capstone-ChickenCoopDoor\Main Door\Main Door\Main Door\ArduinoCore\Release\libArduinoCore.a(main.o)
                0x00000c6c                initVariant
 .text.startup.main
                0x00000c6e       0x1e F:\source\repos\Capstone-ChickenCoopDoor\Main Door\Main Door\Main Door\ArduinoCore\Release\libArduinoCore.a(main.o)
                0x00000c6e                main
 .text._Znwj    0x00000c8c        0x4 F:\source\repos\Capstone-ChickenCoopDoor\Main Door\Main Door\Main Door\ArduinoCore\Release\libArduinoCore.a(new.o)
                0x00000c8c                _Znwj
 .text._ZN5Print17availableForWriteEv
                0x00000c90        0x6 F:\source\repos\Capstone-ChickenCoopDoor\Main Door\Main Door\Main Door\ArduinoCore\Release\libArduinoCore.a(Print.o)
                0x00000c90                _ZN5Print17availableForWriteEv
 .text._ZN5Print5flushEv
                0x00000c96        0x2 F:\source\repos\Capstone-ChickenCoopDoor\Main Door\Main Door\Main Door\ArduinoCore\Release\libArduinoCore.a(Print.o)
                0x00000c96                _ZN5Print5flushEv
 .text._ZN5Print5writeEPKhj
                0x00000c98       0x54 F:\source\repos\Capstone-ChickenCoopDoor\Main Door\Main Door\Main Door\ArduinoCore\Release\libArduinoCore.a(Print.o)
                0x00000c98                _ZN5Print5writeEPKhj
 .text._ZN5Print5printERK6String
                0x00000cec       0x1c F:\source\repos\Capstone-ChickenCoopDoor\Main Door\Main Door\Main Door\ArduinoCore\Release\libArduinoCore.a(Print.o)
                0x00000cec                _ZN5Print5printERK6String
 .text.__vector_16
                0x00000d08       0x94 F:\source\repos\Capstone-ChickenCoopDoor\Main Door\Main Door\Main Door\ArduinoCore\Release\libArduinoCore.a(wiring.o)
                0x00000d08                __vector_16
 .text.millis   0x00000d9c       0x18 F:\source\repos\Capstone-ChickenCoopDoor\Main Door\Main Door\Main Door\ArduinoCore\Release\libArduinoCore.a(wiring.o)
                0x00000d9c                millis
 .text.micros   0x00000db4       0x4a F:\source\repos\Capstone-ChickenCoopDoor\Main Door\Main Door\Main Door\ArduinoCore\Release\libArduinoCore.a(wiring.o)
                0x00000db4                micros
 .text.delay    0x00000dfe       0x78 F:\source\repos\Capstone-ChickenCoopDoor\Main Door\Main Door\Main Door\ArduinoCore\Release\libArduinoCore.a(wiring.o)
                0x00000dfe                delay
 .text.delayMicroseconds
                0x00000e76       0x16 F:\source\repos\Capstone-ChickenCoopDoor\Main Door\Main Door\Main Door\ArduinoCore\Release\libArduinoCore.a(wiring.o)
                0x00000e76                delayMicroseconds
 .text.init     0x00000e8c       0x76 F:\source\repos\Capstone-ChickenCoopDoor\Main Door\Main Door\Main Door\ArduinoCore\Release\libArduinoCore.a(wiring.o)
                0x00000e8c                init
 .text.analogReference
                0x00000f02        0x6 F:\source\repos\Capstone-ChickenCoopDoor\Main Door\Main Door\Main Door\ArduinoCore\Release\libArduinoCore.a(wiring_analog.o)
                0x00000f02                analogReference
 .text.turnOffPWM
                0x00000f08       0x52 F:\source\repos\Capstone-ChickenCoopDoor\Main Door\Main Door\Main Door\ArduinoCore\Release\libArduinoCore.a(wiring_digital.o)
 .text.pinMode  0x00000f5a       0x78 F:\source\repos\Capstone-ChickenCoopDoor\Main Door\Main Door\Main Door\ArduinoCore\Release\libArduinoCore.a(wiring_digital.o)
                0x00000f5a                pinMode
 .text.digitalWrite
                0x00000fd2       0x5e F:\source\repos\Capstone-ChickenCoopDoor\Main Door\Main Door\Main Door\ArduinoCore\Release\libArduinoCore.a(wiring_digital.o)
                0x00000fd2                digitalWrite
 .text.digitalRead
                0x00001030       0x52 F:\source\repos\Capstone-ChickenCoopDoor\Main Door\Main Door\Main Door\ArduinoCore\Release\libArduinoCore.a(wiring_digital.o)
                0x00001030                digitalRead
 .text._ZNK6String14StringIfHelperEv
                0x00001082        0x2 F:\source\repos\Capstone-ChickenCoopDoor\Main Door\Main Door\Main Door\ArduinoCore\Release\libArduinoCore.a(WString.o)
                0x00001082                _ZNK6String14StringIfHelperEv
 .text._ZN6StringD2Ev
                0x00001084        0xa F:\source\repos\Capstone-ChickenCoopDoor\Main Door\Main Door\Main Door\ArduinoCore\Release\libArduinoCore.a(WString.o)
                0x00001084                _ZN6StringD2Ev
                0x00001084                _ZN6StringD1Ev
 .text._ZN6String10invalidateEv
                0x0000108e       0x24 F:\source\repos\Capstone-ChickenCoopDoor\Main Door\Main Door\Main Door\ArduinoCore\Release\libArduinoCore.a(WString.o)
                0x0000108e                _ZN6String10invalidateEv
 .text._ZN6String12changeBufferEj
                0x000010b2       0x34 F:\source\repos\Capstone-ChickenCoopDoor\Main Door\Main Door\Main Door\ArduinoCore\Release\libArduinoCore.a(WString.o)
                0x000010b2                _ZN6String12changeBufferEj
 .text._ZN6String7reserveEj
                0x000010e6       0x38 F:\source\repos\Capstone-ChickenCoopDoor\Main Door\Main Door\Main Door\ArduinoCore\Release\libArduinoCore.a(WString.o)
                0x000010e6                _ZN6String7reserveEj
 .text._ZN6String4copyEPKcj
                0x0000111e       0x42 F:\source\repos\Capstone-ChickenCoopDoor\Main Door\Main Door\Main Door\ArduinoCore\Release\libArduinoCore.a(WString.o)
                0x0000111e                _ZN6String4copyEPKcj
 .text._ZN6StringC2EPKc
                0x00001160       0x2a F:\source\repos\Capstone-ChickenCoopDoor\Main Door\Main Door\Main Door\ArduinoCore\Release\libArduinoCore.a(WString.o)
                0x00001160                _ZN6StringC2EPKc
                0x00001160                _ZN6StringC1EPKc
 .text._ZN6String4moveERS_
                0x0000118a       0x7a F:\source\repos\Capstone-ChickenCoopDoor\Main Door\Main Door\Main Door\ArduinoCore\Release\libArduinoCore.a(WString.o)
                0x0000118a                _ZN6String4moveERS_
 .text._ZN6StringaSERKS_
                0x00001204       0x2e F:\source\repos\Capstone-ChickenCoopDoor\Main Door\Main Door\Main Door\ArduinoCore\Release\libArduinoCore.a(WString.o)
                0x00001204                _ZN6StringaSERKS_
 .text._ZN6StringC2ERKS_
                0x00001232       0x12 F:\source\repos\Capstone-ChickenCoopDoor\Main Door\Main Door\Main Door\ArduinoCore\Release\libArduinoCore.a(WString.o)
                0x00001232                _ZN6StringC2ERKS_
                0x00001232                _ZN6StringC1ERKS_
 .text._ZN6StringaSEOS_
                0x00001244       0x18 F:\source\repos\Capstone-ChickenCoopDoor\Main Door\Main Door\Main Door\ArduinoCore\Release\libArduinoCore.a(WString.o)
                0x00001244                _ZN6StringaSEOS_
 .text._ZN6StringaSEPKc
                0x0000125c       0x2e F:\source\repos\Capstone-ChickenCoopDoor\Main Door\Main Door\Main Door\ArduinoCore\Release\libArduinoCore.a(WString.o)
                0x0000125c                _ZN6StringaSEPKc
 .text._ZNK6String9substringEjj
                0x0000128a       0x8a F:\source\repos\Capstone-ChickenCoopDoor\Main Door\Main Door\Main Door\ArduinoCore\Release\libArduinoCore.a(WString.o)
                0x0000128a                _ZNK6String9substringEjj
 .text._ZN21Adafruit_RGBLCDShieldC2Ev
                0x00001314       0x42 F:\source\repos\Capstone-ChickenCoopDoor\Main Door\Main Door\Main Door\ArduinoCore\Release\libArduinoCore.a(Adafruit_RGBLCDShield.o)
                0x00001314                _ZN21Adafruit_RGBLCDShieldC2Ev
                0x00001314                _ZN21Adafruit_RGBLCDShieldC1Ev
 .text._ZN21Adafruit_RGBLCDShield13_digitalWriteEhh
                0x00001356       0x1a F:\source\repos\Capstone-ChickenCoopDoor\Main Door\Main Door\Main Door\ArduinoCore\Release\libArduinoCore.a(Adafruit_RGBLCDShield.o)
                0x00001356                _ZN21Adafruit_RGBLCDShield13_digitalWriteEhh
 .text._ZN21Adafruit_RGBLCDShield12setBacklightEh
                0x00001370       0x48 F:\source\repos\Capstone-ChickenCoopDoor\Main Door\Main Door\Main Door\ArduinoCore\Release\libArduinoCore.a(Adafruit_RGBLCDShield.o)
                0x00001370                _ZN21Adafruit_RGBLCDShield12setBacklightEh
 .text._ZN21Adafruit_RGBLCDShield8_pinModeEhh
                0x000013b8       0x1a F:\source\repos\Capstone-ChickenCoopDoor\Main Door\Main Door\Main Door\ArduinoCore\Release\libArduinoCore.a(Adafruit_RGBLCDShield.o)
                0x000013b8                _ZN21Adafruit_RGBLCDShield8_pinModeEhh
 .text._ZN21Adafruit_RGBLCDShield11pulseEnableEv
                0x000013d2       0x3e F:\source\repos\Capstone-ChickenCoopDoor\Main Door\Main Door\Main Door\ArduinoCore\Release\libArduinoCore.a(Adafruit_RGBLCDShield.o)
                0x000013d2                _ZN21Adafruit_RGBLCDShield11pulseEnableEv
 .text._ZN21Adafruit_RGBLCDShield10write4bitsEh
                0x00001410      0x168 F:\source\repos\Capstone-ChickenCoopDoor\Main Door\Main Door\Main Door\ArduinoCore\Release\libArduinoCore.a(Adafruit_RGBLCDShield.o)
                0x00001410                _ZN21Adafruit_RGBLCDShield10write4bitsEh
 .text._ZN21Adafruit_RGBLCDShield10write8bitsEh
                0x00001578       0x74 F:\source\repos\Capstone-ChickenCoopDoor\Main Door\Main Door\Main Door\ArduinoCore\Release\libArduinoCore.a(Adafruit_RGBLCDShield.o)
                0x00001578                _ZN21Adafruit_RGBLCDShield10write8bitsEh
 .text._ZN21Adafruit_RGBLCDShield4sendEhh
                0x000015ec       0x52 F:\source\repos\Capstone-ChickenCoopDoor\Main Door\Main Door\Main Door\ArduinoCore\Release\libArduinoCore.a(Adafruit_RGBLCDShield.o)
                0x000015ec                _ZN21Adafruit_RGBLCDShield4sendEhh
 .text._ZN21Adafruit_RGBLCDShield7commandEh
                0x0000163e        0x6 F:\source\repos\Capstone-ChickenCoopDoor\Main Door\Main Door\Main Door\ArduinoCore\Release\libArduinoCore.a(Adafruit_RGBLCDShield.o)
                0x0000163e                _ZN21Adafruit_RGBLCDShield7commandEh
 .text._ZN21Adafruit_RGBLCDShield5clearEv
                0x00001644        0xe F:\source\repos\Capstone-ChickenCoopDoor\Main Door\Main Door\Main Door\ArduinoCore\Release\libArduinoCore.a(Adafruit_RGBLCDShield.o)
                0x00001644                _ZN21Adafruit_RGBLCDShield5clearEv
 .text._ZN21Adafruit_RGBLCDShield9setCursorEhh
                0x00001652       0x5c F:\source\repos\Capstone-ChickenCoopDoor\Main Door\Main Door\Main Door\ArduinoCore\Release\libArduinoCore.a(Adafruit_RGBLCDShield.o)
                0x00001652                _ZN21Adafruit_RGBLCDShield9setCursorEhh
 .text._ZN21Adafruit_RGBLCDShield7displayEv
                0x000016ae       0x10 F:\source\repos\Capstone-ChickenCoopDoor\Main Door\Main Door\Main Door\ArduinoCore\Release\libArduinoCore.a(Adafruit_RGBLCDShield.o)
                0x000016ae                _ZN21Adafruit_RGBLCDShield7displayEv
 .text._ZN21Adafruit_RGBLCDShield5beginEhhh
                0x000016be      0x1d0 F:\source\repos\Capstone-ChickenCoopDoor\Main Door\Main Door\Main Door\ArduinoCore\Release\libArduinoCore.a(Adafruit_RGBLCDShield.o)
                0x000016be                _ZN21Adafruit_RGBLCDShield5beginEhhh
 .text._ZN21Adafruit_RGBLCDShield5writeEh
                0x0000188e        0xc F:\source\repos\Capstone-ChickenCoopDoor\Main Door\Main Door\Main Door\ArduinoCore\Release\libArduinoCore.a(Adafruit_RGBLCDShield.o)
                0x0000188e                _ZN21Adafruit_RGBLCDShield5writeEh
 .text._ZN21Adafruit_RGBLCDShield11readButtonsEv
                0x0000189a       0x60 F:\source\repos\Capstone-ChickenCoopDoor\Main Door\Main Door\Main Door\ArduinoCore\Release\libArduinoCore.a(Adafruit_RGBLCDShield.o)
                0x0000189a                _ZN21Adafruit_RGBLCDShield11readButtonsEv
 .text._ZL8wiresendh
                0x000018fa        0xa F:\source\repos\Capstone-ChickenCoopDoor\Main Door\Main Door\Main Door\ArduinoCore\Release\libArduinoCore.a(Adafruit_MCP23017.o)
 .text._ZN17Adafruit_MCP230175beginEh
                0x00001904       0x5e F:\source\repos\Capstone-ChickenCoopDoor\Main Door\Main Door\Main Door\ArduinoCore\Release\libArduinoCore.a(Adafruit_MCP23017.o)
                0x00001904                _ZN17Adafruit_MCP230175beginEh
 .text._ZN17Adafruit_MCP230175beginEv
                0x00001962        0x6 F:\source\repos\Capstone-ChickenCoopDoor\Main Door\Main Door\Main Door\ArduinoCore\Release\libArduinoCore.a(Adafruit_MCP23017.o)
                0x00001962                _ZN17Adafruit_MCP230175beginEv
 .text._ZN17Adafruit_MCP2301711writeGPIOABEj
                0x00001968       0x36 F:\source\repos\Capstone-ChickenCoopDoor\Main Door\Main Door\Main Door\ArduinoCore\Release\libArduinoCore.a(Adafruit_MCP23017.o)
                0x00001968                _ZN17Adafruit_MCP2301711writeGPIOABEj
 .text._ZN17Adafruit_MCP230177pinModeEhh
                0x0000199e       0xc4 F:\source\repos\Capstone-ChickenCoopDoor\Main Door\Main Door\Main Door\ArduinoCore\Release\libArduinoCore.a(Adafruit_MCP23017.o)
                0x0000199e                _ZN17Adafruit_MCP230177pinModeEhh
 .text._ZN17Adafruit_MCP2301710readGPIOABEv
                0x00001a62       0x52 F:\source\repos\Capstone-ChickenCoopDoor\Main Door\Main Door\Main Door\ArduinoCore\Release\libArduinoCore.a(Adafruit_MCP23017.o)
                0x00001a62                _ZN17Adafruit_MCP2301710readGPIOABEv
 .text._ZN17Adafruit_MCP2301711digitalReadEh
                0x00001ab4       0x72 F:\source\repos\Capstone-ChickenCoopDoor\Main Door\Main Door\Main Door\ArduinoCore\Release\libArduinoCore.a(Adafruit_MCP23017.o)
                0x00001ab4                _ZN17Adafruit_MCP2301711digitalReadEh
 .text._ZN17Adafruit_MCP230176pullUpEhh
                0x00001b26       0xc6 F:\source\repos\Capstone-ChickenCoopDoor\Main Door\Main Door\Main Door\ArduinoCore\Release\libArduinoCore.a(Adafruit_MCP23017.o)
                0x00001b26                _ZN17Adafruit_MCP230176pullUpEhh
 .text._ZN17Adafruit_MCP2301712digitalWriteEhh
                0x00001bec       0xd2 F:\source\repos\Capstone-ChickenCoopDoor\Main Door\Main Door\Main Door\ArduinoCore\Release\libArduinoCore.a(Adafruit_MCP23017.o)
                0x00001bec                _ZN17Adafruit_MCP2301712digitalWriteEhh
 .text._ZN7TwoWire9availableEv
                0x00001cbe       0x10 F:\source\repos\Capstone-ChickenCoopDoor\Main Door\Main Door\Main Door\ArduinoCore\Release\libArduinoCore.a(Wire.o)
                0x00001cbe                _ZN7TwoWire9availableEv
 .text._ZN7TwoWire4readEv
                0x00001cce       0x28 F:\source\repos\Capstone-ChickenCoopDoor\Main Door\Main Door\Main Door\ArduinoCore\Release\libArduinoCore.a(Wire.o)
                0x00001cce                _ZN7TwoWire4readEv
 .text._ZN7TwoWire4peekEv
                0x00001cf6       0x1e F:\source\repos\Capstone-ChickenCoopDoor\Main Door\Main Door\Main Door\ArduinoCore\Release\libArduinoCore.a(Wire.o)
                0x00001cf6                _ZN7TwoWire4peekEv
 .text._ZN7TwoWire5flushEv
                0x00001d14        0x2 F:\source\repos\Capstone-ChickenCoopDoor\Main Door\Main Door\Main Door\ArduinoCore\Release\libArduinoCore.a(Wire.o)
                0x00001d14                _ZN7TwoWire5flushEv
 .text._ZN7TwoWire16onReceiveServiceEPhi
                0x00001d16       0x54 F:\source\repos\Capstone-ChickenCoopDoor\Main Door\Main Door\Main Door\ArduinoCore\Release\libArduinoCore.a(Wire.o)
                0x00001d16                _ZN7TwoWire16onReceiveServiceEPhi
 .text._ZN7TwoWire16onRequestServiceEv
                0x00001d6a       0x18 F:\source\repos\Capstone-ChickenCoopDoor\Main Door\Main Door\Main Door\ArduinoCore\Release\libArduinoCore.a(Wire.o)
                0x00001d6a                _ZN7TwoWire16onRequestServiceEv
 .text._ZN7TwoWire5writeEPKhj
                0x00001d82       0x5a F:\source\repos\Capstone-ChickenCoopDoor\Main Door\Main Door\Main Door\ArduinoCore\Release\libArduinoCore.a(Wire.o)
                0x00001d82                _ZN7TwoWire5writeEPKhj
 .text._ZN7TwoWire5writeEh
                0x00001ddc       0x5e F:\source\repos\Capstone-ChickenCoopDoor\Main Door\Main Door\Main Door\ArduinoCore\Release\libArduinoCore.a(Wire.o)
                0x00001ddc                _ZN7TwoWire5writeEh
 .text._ZN7TwoWireC2Ev
                0x00001e3a       0x20 F:\source\repos\Capstone-ChickenCoopDoor\Main Door\Main Door\Main Door\ArduinoCore\Release\libArduinoCore.a(Wire.o)
                0x00001e3a                _ZN7TwoWireC1Ev
                0x00001e3a                _ZN7TwoWireC2Ev
 .text._ZN7TwoWire5beginEv
                0x00001e5a       0x24 F:\source\repos\Capstone-ChickenCoopDoor\Main Door\Main Door\Main Door\ArduinoCore\Release\libArduinoCore.a(Wire.o)
                0x00001e5a                _ZN7TwoWire5beginEv
 .text._ZN7TwoWire17beginTransmissionEh
                0x00001e7e       0x14 F:\source\repos\Capstone-ChickenCoopDoor\Main Door\Main Door\Main Door\ArduinoCore\Release\libArduinoCore.a(Wire.o)
                0x00001e7e                _ZN7TwoWire17beginTransmissionEh
 .text._ZN7TwoWire17beginTransmissionEi
                0x00001e92        0x4 F:\source\repos\Capstone-ChickenCoopDoor\Main Door\Main Door\Main Door\ArduinoCore\Release\libArduinoCore.a(Wire.o)
                0x00001e92                _ZN7TwoWire17beginTransmissionEi
 .text._ZN7TwoWire15endTransmissionEh
                0x00001e96       0x26 F:\source\repos\Capstone-ChickenCoopDoor\Main Door\Main Door\Main Door\ArduinoCore\Release\libArduinoCore.a(Wire.o)
                0x00001e96                _ZN7TwoWire15endTransmissionEh
 .text._ZN7TwoWire11requestFromEhhmhh
                0x00001ebc       0xa8 F:\source\repos\Capstone-ChickenCoopDoor\Main Door\Main Door\Main Door\ArduinoCore\Release\libArduinoCore.a(Wire.o)
                0x00001ebc                _ZN7TwoWire11requestFromEhhmhh
 .text._ZN7TwoWire11requestFromEhhh
                0x00001f64       0x20 F:\source\repos\Capstone-ChickenCoopDoor\Main Door\Main Door\Main Door\ArduinoCore\Release\libArduinoCore.a(Wire.o)
                0x00001f64                _ZN7TwoWire11requestFromEhhh
 .text._ZN7TwoWire11requestFromEii
                0x00001f84        0x6 F:\source\repos\Capstone-ChickenCoopDoor\Main Door\Main Door\Main Door\ArduinoCore\Release\libArduinoCore.a(Wire.o)
                0x00001f84                _ZN7TwoWire11requestFromEii
 .text._ZN7TwoWire15endTransmissionEv
                0x00001f8a        0x6 F:\source\repos\Capstone-ChickenCoopDoor\Main Door\Main Door\Main Door\ArduinoCore\Release\libArduinoCore.a(Wire.o)
                0x00001f8a                _ZN7TwoWire15endTransmissionEv
 .text.startup._GLOBAL__sub_I__ZN7TwoWire8rxBufferE
                0x00001f90        0x8 F:\source\repos\Capstone-ChickenCoopDoor\Main Door\Main Door\Main Door\ArduinoCore\Release\libArduinoCore.a(Wire.o)
 .text.__empty  0x00001f98        0x2 F:\source\repos\Capstone-ChickenCoopDoor\Main Door\Main Door\Main Door\ArduinoCore\Release\libArduinoCore.a(hooks.o)
                0x00001f98                yield
 .text.twi_init
                0x00001f9a       0x3c F:\source\repos\Capstone-ChickenCoopDoor\Main Door\Main Door\Main Door\ArduinoCore\Release\libArduinoCore.a(twi.o)
                0x00001f9a                twi_init
 .text.twi_readFrom
                0x00001fd6       0x90 F:\source\repos\Capstone-ChickenCoopDoor\Main Door\Main Door\Main Door\ArduinoCore\Release\libArduinoCore.a(twi.o)
                0x00001fd6                twi_readFrom
 .text.twi_writeTo
                0x00002066       0xac F:\source\repos\Capstone-ChickenCoopDoor\Main Door\Main Door\Main Door\ArduinoCore\Release\libArduinoCore.a(twi.o)
                0x00002066                twi_writeTo
 .text.twi_transmit
                0x00002112       0x50 F:\source\repos\Capstone-ChickenCoopDoor\Main Door\Main Door\Main Door\ArduinoCore\Release\libArduinoCore.a(twi.o)
                0x00002112                twi_transmit
 .text.twi_attachSlaveRxEvent
                0x00002162        0xa F:\source\repos\Capstone-ChickenCoopDoor\Main Door\Main Door\Main Door\ArduinoCore\Release\libArduinoCore.a(twi.o)
                0x00002162                twi_attachSlaveRxEvent
 .text.twi_attachSlaveTxEvent
                0x0000216c        0xa F:\source\repos\Capstone-ChickenCoopDoor\Main Door\Main Door\Main Door\ArduinoCore\Release\libArduinoCore.a(twi.o)
                0x0000216c                twi_attachSlaveTxEvent
 .text.twi_stop
                0x00002176       0x14 F:\source\repos\Capstone-ChickenCoopDoor\Main Door\Main Door\Main Door\ArduinoCore\Release\libArduinoCore.a(twi.o)
                0x00002176                twi_stop
 .text.twi_releaseBus
                0x0000218a        0xc F:\source\repos\Capstone-ChickenCoopDoor\Main Door\Main Door\Main Door\ArduinoCore\Release\libArduinoCore.a(twi.o)
                0x0000218a                twi_releaseBus
 .text.__vector_24
                0x00002196      0x25a F:\source\repos\Capstone-ChickenCoopDoor\Main Door\Main Door\Main Door\ArduinoCore\Release\libArduinoCore.a(twi.o)
                0x00002196                __vector_24
 .text.libgcc   0x000023f0        0xc f:/atmel/7.0/toolchain/avr8/avr8-gnu-toolchain/bin/../lib/gcc/avr/5.4.0/avr5\libgcc.a(_tablejump2.o)
                0x000023f0                __tablejump2__
 .text.avr-libc
                0x000023fc      0x242 f:/atmel/7.0/toolchain/avr8/avr8-gnu-toolchain/bin/../lib/gcc/avr/5.4.0/../../../../avr/lib/avr5\libc.a(malloc.o)
                0x000023fc                malloc
                0x0000252c                free
 .text.avr-libc
                0x0000263e      0x18c f:/atmel/7.0/toolchain/avr8/avr8-gnu-toolchain/bin/../lib/gcc/avr/5.4.0/../../../../avr/lib/avr5\libc.a(realloc.o)
                0x0000263e                realloc
 .text.avr-libc
                0x000027ca       0x12 f:/atmel/7.0/toolchain/avr8/avr8-gnu-toolchain/bin/../lib/gcc/avr/5.4.0/../../../../avr/lib/avr5\libc.a(memcpy.o)
                0x000027ca                memcpy
 .text.avr-libc
                0x000027dc        0xe f:/atmel/7.0/toolchain/avr8/avr8-gnu-toolchain/bin/../lib/gcc/avr/5.4.0/../../../../avr/lib/avr5\libc.a(strcpy.o)
                0x000027dc                strcpy
 .text.avr-libc
                0x000027ea       0x44 f:/atmel/7.0/toolchain/avr8/avr8-gnu-toolchain/bin/../lib/gcc/avr/5.4.0/../../../../avr/lib/avr5\libc.a(sprintf.o)
                0x000027ea                sprintf
 .text.avr-libc
                0x0000282e      0x3c2 f:/atmel/7.0/toolchain/avr8/avr8-gnu-toolchain/bin/../lib/gcc/avr/5.4.0/../../../../avr/lib/avr5\libc.a(vfprintf_std.o)
                0x0000282e                vfprintf
 .text.avr-libc
                0x00002bf0       0x16 f:/atmel/7.0/toolchain/avr8/avr8-gnu-toolchain/bin/../lib/gcc/avr/5.4.0/../../../../avr/lib/avr5\libc.a(strnlen_P.o)
                0x00002bf0                strnlen_P
 .text.avr-libc
                0x00002c06       0x16 f:/atmel/7.0/toolchain/avr8/avr8-gnu-toolchain/bin/../lib/gcc/avr/5.4.0/../../../../avr/lib/avr5\libc.a(strnlen.o)
                0x00002c06                strnlen
 .text.avr-libc
                0x00002c1c       0x78 f:/atmel/7.0/toolchain/avr8/avr8-gnu-toolchain/bin/../lib/gcc/avr/5.4.0/../../../../avr/lib/avr5\libc.a(fputc.o)
                0x00002c1c                fputc
 .text.avr-libc
                0x00002c94       0xbc f:/atmel/7.0/toolchain/avr8/avr8-gnu-toolchain/bin/../lib/gcc/avr/5.4.0/../../../../avr/lib/avr5\libc.a(ultoa_invert.o)
                0x00002c94                __ultoa_invert
 .text.libgcc.prologue
                0x00002d50       0x38 f:/atmel/7.0/toolchain/avr8/avr8-gnu-toolchain/bin/../lib/gcc/avr/5.4.0/avr5\libgcc.a(_prologue.o)
                0x00002d50                __prologue_saves__
 .text.libgcc.prologue
                0x00002d88       0x36 f:/atmel/7.0/toolchain/avr8/avr8-gnu-toolchain/bin/../lib/gcc/avr/5.4.0/avr5\libgcc.a(_epilogue.o)
                0x00002d88                __epilogue_restores__
                0x00002dbe                . = ALIGN (0x2)
 *(.fini9)
 .fini9         0x00002dbe        0x0 f:/atmel/7.0/toolchain/avr8/avr8-gnu-toolchain/bin/../lib/gcc/avr/5.4.0/avr5\libgcc.a(_exit.o)
                0x00002dbe                _exit
                0x00002dbe                exit
 *(.fini9)
 *(.fini8)
 *(.fini8)
 *(.fini7)
 *(.fini7)
 *(.fini6)
 .fini6         0x00002dbe       0x16 f:/atmel/7.0/toolchain/avr8/avr8-gnu-toolchain/bin/../lib/gcc/avr/5.4.0/avr5\libgcc.a(_dtors.o)
                0x00002dbe                __do_global_dtors
 *(.fini6)
 *(.fini5)
 *(.fini5)
 *(.fini4)
 *(.fini4)
 *(.fini3)
 *(.fini3)
 *(.fini2)
 *(.fini2)
 *(.fini1)
 *(.fini1)
 *(.fini0)
 .fini0         0x00002dd4        0x4 f:/atmel/7.0/toolchain/avr8/avr8-gnu-toolchain/bin/../lib/gcc/avr/5.4.0/avr5\libgcc.a(_exit.o)
 *(.fini0)
                0x00002dd8                _etext = .

.data           0x00800100       0xd8 load address 0x00002dd8
                0x00800100                PROVIDE (__data_start, .)
 *(.data)
 .data          0x00800100        0x6 f:/atmel/7.0/toolchain/avr8/avr8-gnu-toolchain/bin/../lib/gcc/avr/5.4.0/../../../../avr/lib/avr5\libc.a(malloc.o)
                0x00800100                __malloc_heap_end
                0x00800102                __malloc_heap_start
                0x00800104                __malloc_margin
 *(.data*)
 .data.analog_reference
                0x00800106        0x1 F:\source\repos\Capstone-ChickenCoopDoor\Main Door\Main Door\Main Door\ArduinoCore\Release\libArduinoCore.a(wiring_analog.o)
                0x00800106                analog_reference
 *(.gnu.linkonce.d*)
 *(.rodata)
 .rodata        0x00800107        0x8 F:\source\repos\Capstone-ChickenCoopDoor\Main Door\Main Door\Main Door\ArduinoCore\Release\libArduinoCore.a(Adafruit_RGBLCDShield.o)
 *(.rodata*)
 .rodata.str1.1
                0x0080010f       0xaa Display.o
                                 0xab (size before relaxing)
 .rodata.str1.1
                0x008001b9        0x1 Sketch.o
 .rodata.str1.1
                0x008001b9        0x1 F:\source\repos\Capstone-ChickenCoopDoor\Main Door\Main Door\Main Door\ArduinoCore\Release\libArduinoCore.a(WString.o)
 .rodata._ZTV21Adafruit_RGBLCDShield
                0x008001b9        0xc F:\source\repos\Capstone-ChickenCoopDoor\Main Door\Main Door\Main Door\ArduinoCore\Release\libArduinoCore.a(Adafruit_RGBLCDShield.o)
                0x008001b9                _ZTV21Adafruit_RGBLCDShield
 .rodata._ZTV7TwoWire
                0x008001c5       0x12 F:\source\repos\Capstone-ChickenCoopDoor\Main Door\Main Door\Main Door\ArduinoCore\Release\libArduinoCore.a(Wire.o)
                0x008001c5                _ZTV7TwoWire
 *(.gnu.linkonce.r*)
                0x008001d8                . = ALIGN (0x2)
 *fill*         0x008001d7        0x1 
                0x008001d8                _edata = .
                0x008001d8                PROVIDE (__data_end, .)

.bss            0x008001d8      0x102
                0x008001d8                PROVIDE (__bss_start, .)
 *(.bss)
 *(.bss*)
 .bss.tmeLastUpdated
                0x008001d8        0x4 Sketch.o
                0x008001d8                tmeLastUpdated
 .bss.ptrsftMainDoor
                0x008001dc        0x2 Sketch.o
                0x008001dc                ptrsftMainDoor
 .bss.ptrdspMainDoor
                0x008001de        0x2 Sketch.o
                0x008001de                ptrdspMainDoor
 .bss.disp      0x008001e0       0x1c Sketch.o
                0x008001e0                disp
 .bss.isClosing
                0x008001fc        0x1 Sketch.o
                0x008001fc                isClosing
 .bss.line2     0x008001fd        0x6 Sketch.o
                0x008001fd                line2
 .bss.line1     0x00800203        0x6 Sketch.o
                0x00800203                line1
 .bss.timer0_fract
                0x00800209        0x1 F:\source\repos\Capstone-ChickenCoopDoor\Main Door\Main Door\Main Door\ArduinoCore\Release\libArduinoCore.a(wiring.o)
 .bss.timer0_millis
                0x0080020a        0x4 F:\source\repos\Capstone-ChickenCoopDoor\Main Door\Main Door\Main Door\ArduinoCore\Release\libArduinoCore.a(wiring.o)
                0x0080020a                timer0_millis
 .bss.timer0_overflow_count
                0x0080020e        0x4 F:\source\repos\Capstone-ChickenCoopDoor\Main Door\Main Door\Main Door\ArduinoCore\Release\libArduinoCore.a(wiring.o)
                0x0080020e                timer0_overflow_count
 .bss.Wire      0x00800212        0xc F:\source\repos\Capstone-ChickenCoopDoor\Main Door\Main Door\Main Door\ArduinoCore\Release\libArduinoCore.a(Wire.o)
                0x00800212                Wire
 .bss._ZN7TwoWire14user_onReceiveE
                0x0080021e        0x2 F:\source\repos\Capstone-ChickenCoopDoor\Main Door\Main Door\Main Door\ArduinoCore\Release\libArduinoCore.a(Wire.o)
                0x0080021e                _ZN7TwoWire14user_onReceiveE
 .bss._ZN7TwoWire14user_onRequestE
                0x00800220        0x2 F:\source\repos\Capstone-ChickenCoopDoor\Main Door\Main Door\Main Door\ArduinoCore\Release\libArduinoCore.a(Wire.o)
                0x00800220                _ZN7TwoWire14user_onRequestE
 .bss._ZN7TwoWire12transmittingE
                0x00800222        0x1 F:\source\repos\Capstone-ChickenCoopDoor\Main Door\Main Door\Main Door\ArduinoCore\Release\libArduinoCore.a(Wire.o)
                0x00800222                _ZN7TwoWire12transmittingE
 .bss._ZN7TwoWire14txBufferLengthE
                0x00800223        0x1 F:\source\repos\Capstone-ChickenCoopDoor\Main Door\Main Door\Main Door\ArduinoCore\Release\libArduinoCore.a(Wire.o)
                0x00800223                _ZN7TwoWire14txBufferLengthE
 .bss._ZN7TwoWire13txBufferIndexE
                0x00800224        0x1 F:\source\repos\Capstone-ChickenCoopDoor\Main Door\Main Door\Main Door\ArduinoCore\Release\libArduinoCore.a(Wire.o)
                0x00800224                _ZN7TwoWire13txBufferIndexE
 .bss._ZN7TwoWire8txBufferE
                0x00800225       0x20 F:\source\repos\Capstone-ChickenCoopDoor\Main Door\Main Door\Main Door\ArduinoCore\Release\libArduinoCore.a(Wire.o)
                0x00800225                _ZN7TwoWire8txBufferE
 .bss._ZN7TwoWire9txAddressE
                0x00800245        0x1 F:\source\repos\Capstone-ChickenCoopDoor\Main Door\Main Door\Main Door\ArduinoCore\Release\libArduinoCore.a(Wire.o)
                0x00800245                _ZN7TwoWire9txAddressE
 .bss._ZN7TwoWire14rxBufferLengthE
                0x00800246        0x1 F:\source\repos\Capstone-ChickenCoopDoor\Main Door\Main Door\Main Door\ArduinoCore\Release\libArduinoCore.a(Wire.o)
                0x00800246                _ZN7TwoWire14rxBufferLengthE
 .bss._ZN7TwoWire13rxBufferIndexE
                0x00800247        0x1 F:\source\repos\Capstone-ChickenCoopDoor\Main Door\Main Door\Main Door\ArduinoCore\Release\libArduinoCore.a(Wire.o)
                0x00800247                _ZN7TwoWire13rxBufferIndexE
 .bss._ZN7TwoWire8rxBufferE
                0x00800248       0x20 F:\source\repos\Capstone-ChickenCoopDoor\Main Door\Main Door\Main Door\ArduinoCore\Release\libArduinoCore.a(Wire.o)
                0x00800248                _ZN7TwoWire8rxBufferE
 .bss.twi_error
                0x00800268        0x1 F:\source\repos\Capstone-ChickenCoopDoor\Main Door\Main Door\Main Door\ArduinoCore\Release\libArduinoCore.a(twi.o)
 .bss.twi_rxBufferIndex
                0x00800269        0x1 F:\source\repos\Capstone-ChickenCoopDoor\Main Door\Main Door\Main Door\ArduinoCore\Release\libArduinoCore.a(twi.o)
 .bss.twi_rxBuffer
                0x0080026a       0x20 F:\source\repos\Capstone-ChickenCoopDoor\Main Door\Main Door\Main Door\ArduinoCore\Release\libArduinoCore.a(twi.o)
 .bss.twi_txBufferLength
                0x0080028a        0x1 F:\source\repos\Capstone-ChickenCoopDoor\Main Door\Main Door\Main Door\ArduinoCore\Release\libArduinoCore.a(twi.o)
 .bss.twi_txBufferIndex
                0x0080028b        0x1 F:\source\repos\Capstone-ChickenCoopDoor\Main Door\Main Door\Main Door\ArduinoCore\Release\libArduinoCore.a(twi.o)
 .bss.twi_txBuffer
                0x0080028c       0x20 F:\source\repos\Capstone-ChickenCoopDoor\Main Door\Main Door\Main Door\ArduinoCore\Release\libArduinoCore.a(twi.o)
 .bss.twi_masterBufferLength
                0x008002ac        0x1 F:\source\repos\Capstone-ChickenCoopDoor\Main Door\Main Door\Main Door\ArduinoCore\Release\libArduinoCore.a(twi.o)
 .bss.twi_masterBufferIndex
                0x008002ad        0x1 F:\source\repos\Capstone-ChickenCoopDoor\Main Door\Main Door\Main Door\ArduinoCore\Release\libArduinoCore.a(twi.o)
 .bss.twi_masterBuffer
                0x008002ae       0x20 F:\source\repos\Capstone-ChickenCoopDoor\Main Door\Main Door\Main Door\ArduinoCore\Release\libArduinoCore.a(twi.o)
 .bss.twi_onSlaveReceive
                0x008002ce        0x2 F:\source\repos\Capstone-ChickenCoopDoor\Main Door\Main Door\Main Door\ArduinoCore\Release\libArduinoCore.a(twi.o)
 .bss.twi_onSlaveTransmit
                0x008002d0        0x2 F:\source\repos\Capstone-ChickenCoopDoor\Main Door\Main Door\Main Door\ArduinoCore\Release\libArduinoCore.a(twi.o)
 .bss.twi_inRepStart
                0x008002d2        0x1 F:\source\repos\Capstone-ChickenCoopDoor\Main Door\Main Door\Main Door\ArduinoCore\Release\libArduinoCore.a(twi.o)
 .bss.twi_sendStop
                0x008002d3        0x1 F:\source\repos\Capstone-ChickenCoopDoor\Main Door\Main Door\Main Door\ArduinoCore\Release\libArduinoCore.a(twi.o)
 .bss.twi_slarw
                0x008002d4        0x1 F:\source\repos\Capstone-ChickenCoopDoor\Main Door\Main Door\Main Door\ArduinoCore\Release\libArduinoCore.a(twi.o)
 .bss.twi_state
                0x008002d5        0x1 F:\source\repos\Capstone-ChickenCoopDoor\Main Door\Main Door\Main Door\ArduinoCore\Release\libArduinoCore.a(twi.o)
 *(COMMON)
 COMMON         0x008002d6        0x4 f:/atmel/7.0/toolchain/avr8/avr8-gnu-toolchain/bin/../lib/gcc/avr/5.4.0/../../../../avr/lib/avr5\libc.a(malloc.o)
                0x008002d6                __brkval
                0x008002d8                __flp
                0x008002da                PROVIDE (__bss_end, .)
                0x00002dd8                __data_load_start = LOADADDR (.data)
                0x00002eb0                __data_load_end = (__data_load_start + SIZEOF (.data))

.noinit         0x008002da        0x0
                [!provide]                PROVIDE (__noinit_start, .)
 *(.noinit*)
                [!provide]                PROVIDE (__noinit_end, .)
                0x008002da                _end = .
                0x008002da                PROVIDE (__heap_start, .)

.eeprom         0x00810000        0x0
 *(.eeprom*)
                0x00810000                __eeprom_end = .

.fuse
 *(.fuse)
 *(.lfuse)
 *(.hfuse)
 *(.efuse)

.lock
 *(.lock*)

.signature
 *(.signature*)

.user_signatures
 *(.user_signatures*)

.stab
 *(.stab)

.stabstr
 *(.stabstr)

.stab.excl
 *(.stab.excl)

.stab.exclstr
 *(.stab.exclstr)

.stab.index
 *(.stab.index)

.stab.indexstr
 *(.stab.indexstr)

.comment        0x00000000       0x8c
 *(.comment)
 .comment       0x00000000       0x30 Display.o
                                 0x31 (size before relaxing)
 .comment       0x00000030       0x31 Safety.o
 .comment       0x00000030       0x31 Sketch.o
 .comment       0x00000030       0x31 F:\source\repos\Capstone-ChickenCoopDoor\Main Door\Main Door\Main Door\ArduinoCore\Release\libArduinoCore.a(main.o)
 .comment       0x00000030       0x31 F:\source\repos\Capstone-ChickenCoopDoor\Main Door\Main Door\Main Door\ArduinoCore\Release\libArduinoCore.a(new.o)
 .comment       0x00000030       0x31 F:\source\repos\Capstone-ChickenCoopDoor\Main Door\Main Door\Main Door\ArduinoCore\Release\libArduinoCore.a(Print.o)
 .comment       0x00000030       0x31 F:\source\repos\Capstone-ChickenCoopDoor\Main Door\Main Door\Main Door\ArduinoCore\Release\libArduinoCore.a(wiring.o)
 .comment       0x00000030       0x31 F:\source\repos\Capstone-ChickenCoopDoor\Main Door\Main Door\Main Door\ArduinoCore\Release\libArduinoCore.a(wiring_analog.o)
 .comment       0x00000030       0x31 F:\source\repos\Capstone-ChickenCoopDoor\Main Door\Main Door\Main Door\ArduinoCore\Release\libArduinoCore.a(wiring_digital.o)
 .comment       0x00000030       0x31 F:\source\repos\Capstone-ChickenCoopDoor\Main Door\Main Door\Main Door\ArduinoCore\Release\libArduinoCore.a(WString.o)
 .comment       0x00000030       0x31 F:\source\repos\Capstone-ChickenCoopDoor\Main Door\Main Door\Main Door\ArduinoCore\Release\libArduinoCore.a(Adafruit_RGBLCDShield.o)
 .comment       0x00000030       0x31 F:\source\repos\Capstone-ChickenCoopDoor\Main Door\Main Door\Main Door\ArduinoCore\Release\libArduinoCore.a(Adafruit_MCP23017.o)
 .comment       0x00000030       0x31 F:\source\repos\Capstone-ChickenCoopDoor\Main Door\Main Door\Main Door\ArduinoCore\Release\libArduinoCore.a(Wire.o)
 .comment       0x00000030       0x30 F:\source\repos\Capstone-ChickenCoopDoor\Main Door\Main Door\Main Door\ArduinoCore\Release\libArduinoCore.a(hooks.o)
                                 0x31 (size before relaxing)
 .comment       0x00000060       0x31 F:\source\repos\Capstone-ChickenCoopDoor\Main Door\Main Door\Main Door\ArduinoCore\Release\libArduinoCore.a(twi.o)
 .comment       0x00000060       0x31 f:/atmel/7.0/toolchain/avr8/avr8-gnu-toolchain/bin/../lib/gcc/avr/5.4.0/../../../../avr/lib/avr5\libc.a(malloc.o)
 .comment       0x00000060       0x31 f:/atmel/7.0/toolchain/avr8/avr8-gnu-toolchain/bin/../lib/gcc/avr/5.4.0/../../../../avr/lib/avr5\libc.a(realloc.o)
 .comment       0x00000060       0x31 f:/atmel/7.0/toolchain/avr8/avr8-gnu-toolchain/bin/../lib/gcc/avr/5.4.0/../../../../avr/lib/avr5\libc.a(sprintf.o)
 .comment       0x00000060       0x2c f:/atmel/7.0/toolchain/avr8/avr8-gnu-toolchain/bin/../lib/gcc/avr/5.4.0/../../../../avr/lib/avr5\libc.a(vfprintf_std.o)
                                 0x2d (size before relaxing)
 .comment       0x0000008c       0x31 f:/atmel/7.0/toolchain/avr8/avr8-gnu-toolchain/bin/../lib/gcc/avr/5.4.0/../../../../avr/lib/avr5\libc.a(fputc.o)

.note.gnu.avr.deviceinfo
                0x00000000       0x40
 .note.gnu.avr.deviceinfo
                0x00000000       0x40 F:/Atmel/7.0/Packs/atmel/ATmega_DFP/1.2.209/gcc/dev/atmega328p/avr5/crtatmega328p.o

.note.gnu.build-id
 *(.note.gnu.build-id)

.debug
 *(.debug)

.line
 *(.line)

.debug_srcinfo
 *(.debug_srcinfo)

.debug_sfnames
 *(.debug_sfnames)

.debug_aranges  0x00000000      0x7c8
 *(.debug_aranges)
 .debug_aranges
                0x00000000       0x30 F:\source\repos\Capstone-ChickenCoopDoor\Main Door\Main Door\Main Door\ArduinoCore\Release\libArduinoCore.a(main.o)
 .debug_aranges
                0x00000030       0x28 F:\source\repos\Capstone-ChickenCoopDoor\Main Door\Main Door\Main Door\ArduinoCore\Release\libArduinoCore.a(new.o)
 .debug_aranges
                0x00000058      0x100 F:\source\repos\Capstone-ChickenCoopDoor\Main Door\Main Door\Main Door\ArduinoCore\Release\libArduinoCore.a(Print.o)
 .debug_aranges
                0x00000158       0x48 F:\source\repos\Capstone-ChickenCoopDoor\Main Door\Main Door\Main Door\ArduinoCore\Release\libArduinoCore.a(wiring.o)
 .debug_aranges
                0x000001a0       0x30 F:\source\repos\Capstone-ChickenCoopDoor\Main Door\Main Door\Main Door\ArduinoCore\Release\libArduinoCore.a(wiring_analog.o)
 .debug_aranges
                0x000001d0       0x38 F:\source\repos\Capstone-ChickenCoopDoor\Main Door\Main Door\Main Door\ArduinoCore\Release\libArduinoCore.a(wiring_digital.o)
 .debug_aranges
                0x00000208      0x2b8 F:\source\repos\Capstone-ChickenCoopDoor\Main Door\Main Door\Main Door\ArduinoCore\Release\libArduinoCore.a(WString.o)
 .debug_aranges
                0x000004c0      0x110 F:\source\repos\Capstone-ChickenCoopDoor\Main Door\Main Door\Main Door\ArduinoCore\Release\libArduinoCore.a(Adafruit_RGBLCDShield.o)
 .debug_aranges
                0x000005d0       0x60 F:\source\repos\Capstone-ChickenCoopDoor\Main Door\Main Door\Main Door\ArduinoCore\Release\libArduinoCore.a(Adafruit_MCP23017.o)
 .debug_aranges
                0x00000630       0xf8 F:\source\repos\Capstone-ChickenCoopDoor\Main Door\Main Door\Main Door\ArduinoCore\Release\libArduinoCore.a(Wire.o)
 .debug_aranges
                0x00000728       0x20 F:\source\repos\Capstone-ChickenCoopDoor\Main Door\Main Door\Main Door\ArduinoCore\Release\libArduinoCore.a(hooks.o)
 .debug_aranges
                0x00000748       0x80 F:\source\repos\Capstone-ChickenCoopDoor\Main Door\Main Door\Main Door\ArduinoCore\Release\libArduinoCore.a(twi.o)

.debug_pubnames
 *(.debug_pubnames)

.debug_info     0x00000000     0xd3d8
 *(.debug_info .gnu.linkonce.wi.*)
 .debug_info    0x00000000      0x5f4 F:/Atmel/7.0/Packs/atmel/ATmega_DFP/1.2.209/gcc/dev/atmega328p/avr5/crtatmega328p.o
 .debug_info    0x000005f4      0x237 F:\source\repos\Capstone-ChickenCoopDoor\Main Door\Main Door\Main Door\ArduinoCore\Release\libArduinoCore.a(main.o)
 .debug_info    0x0000082b      0x11c F:\source\repos\Capstone-ChickenCoopDoor\Main Door\Main Door\Main Door\ArduinoCore\Release\libArduinoCore.a(new.o)
 .debug_info    0x00000947     0x28ff F:\source\repos\Capstone-ChickenCoopDoor\Main Door\Main Door\Main Door\ArduinoCore\Release\libArduinoCore.a(Print.o)
 .debug_info    0x00003246      0x2cb F:\source\repos\Capstone-ChickenCoopDoor\Main Door\Main Door\Main Door\ArduinoCore\Release\libArduinoCore.a(wiring.o)
 .debug_info    0x00003511      0x26d F:\source\repos\Capstone-ChickenCoopDoor\Main Door\Main Door\Main Door\ArduinoCore\Release\libArduinoCore.a(wiring_analog.o)
 .debug_info    0x0000377e      0x5fe F:\source\repos\Capstone-ChickenCoopDoor\Main Door\Main Door\Main Door\ArduinoCore\Release\libArduinoCore.a(wiring_digital.o)
 .debug_info    0x00003d7c     0x4338 F:\source\repos\Capstone-ChickenCoopDoor\Main Door\Main Door\Main Door\ArduinoCore\Release\libArduinoCore.a(WString.o)
 .debug_info    0x000080b4     0x1ba5 F:\source\repos\Capstone-ChickenCoopDoor\Main Door\Main Door\Main Door\ArduinoCore\Release\libArduinoCore.a(Adafruit_RGBLCDShield.o)
 .debug_info    0x00009c59      0x98d F:\source\repos\Capstone-ChickenCoopDoor\Main Door\Main Door\Main Door\ArduinoCore\Release\libArduinoCore.a(Adafruit_MCP23017.o)
 .debug_info    0x0000a5e6     0x27b0 F:\source\repos\Capstone-ChickenCoopDoor\Main Door\Main Door\Main Door\ArduinoCore\Release\libArduinoCore.a(Wire.o)
 .debug_info    0x0000cd96       0x3e F:\source\repos\Capstone-ChickenCoopDoor\Main Door\Main Door\Main Door\ArduinoCore\Release\libArduinoCore.a(hooks.o)
 .debug_info    0x0000cdd4      0x604 F:\source\repos\Capstone-ChickenCoopDoor\Main Door\Main Door\Main Door\ArduinoCore\Release\libArduinoCore.a(twi.o)

.debug_abbrev   0x00000000     0x236d
 *(.debug_abbrev)
 .debug_abbrev  0x00000000      0x5a2 F:/Atmel/7.0/Packs/atmel/ATmega_DFP/1.2.209/gcc/dev/atmega328p/avr5/crtatmega328p.o
 .debug_abbrev  0x000005a2      0x12d F:\source\repos\Capstone-ChickenCoopDoor\Main Door\Main Door\Main Door\ArduinoCore\Release\libArduinoCore.a(main.o)
 .debug_abbrev  0x000006cf       0xce F:\source\repos\Capstone-ChickenCoopDoor\Main Door\Main Door\Main Door\ArduinoCore\Release\libArduinoCore.a(new.o)
 .debug_abbrev  0x0000079d      0x47a F:\source\repos\Capstone-ChickenCoopDoor\Main Door\Main Door\Main Door\ArduinoCore\Release\libArduinoCore.a(Print.o)
 .debug_abbrev  0x00000c17      0x146 F:\source\repos\Capstone-ChickenCoopDoor\Main Door\Main Door\Main Door\ArduinoCore\Release\libArduinoCore.a(wiring.o)
 .debug_abbrev  0x00000d5d      0x16b F:\source\repos\Capstone-ChickenCoopDoor\Main Door\Main Door\Main Door\ArduinoCore\Release\libArduinoCore.a(wiring_analog.o)
 .debug_abbrev  0x00000ec8      0x15b F:\source\repos\Capstone-ChickenCoopDoor\Main Door\Main Door\Main Door\ArduinoCore\Release\libArduinoCore.a(wiring_digital.o)
 .debug_abbrev  0x00001023      0x4c2 F:\source\repos\Capstone-ChickenCoopDoor\Main Door\Main Door\Main Door\ArduinoCore\Release\libArduinoCore.a(WString.o)
 .debug_abbrev  0x000014e5      0x43e F:\source\repos\Capstone-ChickenCoopDoor\Main Door\Main Door\Main Door\ArduinoCore\Release\libArduinoCore.a(Adafruit_RGBLCDShield.o)
 .debug_abbrev  0x00001923      0x23f F:\source\repos\Capstone-ChickenCoopDoor\Main Door\Main Door\Main Door\ArduinoCore\Release\libArduinoCore.a(Adafruit_MCP23017.o)
 .debug_abbrev  0x00001b62      0x581 F:\source\repos\Capstone-ChickenCoopDoor\Main Door\Main Door\Main Door\ArduinoCore\Release\libArduinoCore.a(Wire.o)
 .debug_abbrev  0x000020e3       0x2a F:\source\repos\Capstone-ChickenCoopDoor\Main Door\Main Door\Main Door\ArduinoCore\Release\libArduinoCore.a(hooks.o)
 .debug_abbrev  0x0000210d      0x260 F:\source\repos\Capstone-ChickenCoopDoor\Main Door\Main Door\Main Door\ArduinoCore\Release\libArduinoCore.a(twi.o)

.debug_line     0x00000000     0x3ca4
 *(.debug_line .debug_line.* .debug_line_end)
 .debug_line    0x00000000      0x133 F:/Atmel/7.0/Packs/atmel/ATmega_DFP/1.2.209/gcc/dev/atmega328p/avr5/crtatmega328p.o
 .debug_line    0x00000133      0x14a F:\source\repos\Capstone-ChickenCoopDoor\Main Door\Main Door\Main Door\ArduinoCore\Release\libArduinoCore.a(main.o)
 .debug_line    0x0000027d       0xf9 F:\source\repos\Capstone-ChickenCoopDoor\Main Door\Main Door\Main Door\ArduinoCore\Release\libArduinoCore.a(new.o)
 .debug_line    0x00000376      0x64f F:\source\repos\Capstone-ChickenCoopDoor\Main Door\Main Door\Main Door\ArduinoCore\Release\libArduinoCore.a(Print.o)
 .debug_line    0x000009c5      0x27e F:\source\repos\Capstone-ChickenCoopDoor\Main Door\Main Door\Main Door\ArduinoCore\Release\libArduinoCore.a(wiring.o)
 .debug_line    0x00000c43      0x1f4 F:\source\repos\Capstone-ChickenCoopDoor\Main Door\Main Door\Main Door\ArduinoCore\Release\libArduinoCore.a(wiring_analog.o)
 .debug_line    0x00000e37      0x237 F:\source\repos\Capstone-ChickenCoopDoor\Main Door\Main Door\Main Door\ArduinoCore\Release\libArduinoCore.a(wiring_digital.o)
 .debug_line    0x0000106e     0x1304 F:\source\repos\Capstone-ChickenCoopDoor\Main Door\Main Door\Main Door\ArduinoCore\Release\libArduinoCore.a(WString.o)
 .debug_line    0x00002372      0x96a F:\source\repos\Capstone-ChickenCoopDoor\Main Door\Main Door\Main Door\ArduinoCore\Release\libArduinoCore.a(Adafruit_RGBLCDShield.o)
 .debug_line    0x00002cdc      0x4f7 F:\source\repos\Capstone-ChickenCoopDoor\Main Door\Main Door\Main Door\ArduinoCore\Release\libArduinoCore.a(Adafruit_MCP23017.o)
 .debug_line    0x000031d3      0x5b6 F:\source\repos\Capstone-ChickenCoopDoor\Main Door\Main Door\Main Door\ArduinoCore\Release\libArduinoCore.a(Wire.o)
 .debug_line    0x00003789       0x41 F:\source\repos\Capstone-ChickenCoopDoor\Main Door\Main Door\Main Door\ArduinoCore\Release\libArduinoCore.a(hooks.o)
 .debug_line    0x000037ca      0x4da F:\source\repos\Capstone-ChickenCoopDoor\Main Door\Main Door\Main Door\ArduinoCore\Release\libArduinoCore.a(twi.o)

.debug_frame    0x00000000     0x18b8
 *(.debug_frame)
 .debug_frame   0x00000000       0x54 F:\source\repos\Capstone-ChickenCoopDoor\Main Door\Main Door\Main Door\ArduinoCore\Release\libArduinoCore.a(main.o)
 .debug_frame   0x00000054       0x54 F:\source\repos\Capstone-ChickenCoopDoor\Main Door\Main Door\Main Door\ArduinoCore\Release\libArduinoCore.a(new.o)
 .debug_frame   0x000000a8      0x3ac F:\source\repos\Capstone-ChickenCoopDoor\Main Door\Main Door\Main Door\ArduinoCore\Release\libArduinoCore.a(Print.o)
 .debug_frame   0x00000454       0xc4 F:\source\repos\Capstone-ChickenCoopDoor\Main Door\Main Door\Main Door\ArduinoCore\Release\libArduinoCore.a(wiring.o)
 .debug_frame   0x00000518       0x54 F:\source\repos\Capstone-ChickenCoopDoor\Main Door\Main Door\Main Door\ArduinoCore\Release\libArduinoCore.a(wiring_analog.o)
 .debug_frame   0x0000056c       0x7c F:\source\repos\Capstone-ChickenCoopDoor\Main Door\Main Door\Main Door\ArduinoCore\Release\libArduinoCore.a(wiring_digital.o)
 .debug_frame   0x000005e8      0xa60 F:\source\repos\Capstone-ChickenCoopDoor\Main Door\Main Door\Main Door\ArduinoCore\Release\libArduinoCore.a(WString.o)
 .debug_frame   0x00001048      0x364 F:\source\repos\Capstone-ChickenCoopDoor\Main Door\Main Door\Main Door\ArduinoCore\Release\libArduinoCore.a(Adafruit_RGBLCDShield.o)
 .debug_frame   0x000013ac      0x134 F:\source\repos\Capstone-ChickenCoopDoor\Main Door\Main Door\Main Door\ArduinoCore\Release\libArduinoCore.a(Adafruit_MCP23017.o)
 .debug_frame   0x000014e0      0x280 F:\source\repos\Capstone-ChickenCoopDoor\Main Door\Main Door\Main Door\ArduinoCore\Release\libArduinoCore.a(Wire.o)
 .debug_frame   0x00001760       0x24 F:\source\repos\Capstone-ChickenCoopDoor\Main Door\Main Door\Main Door\ArduinoCore\Release\libArduinoCore.a(hooks.o)
 .debug_frame   0x00001784      0x134 F:\source\repos\Capstone-ChickenCoopDoor\Main Door\Main Door\Main Door\ArduinoCore\Release\libArduinoCore.a(twi.o)

.debug_str      0x00000000     0x2f94
 *(.debug_str)
 .debug_str     0x00000000      0x208 F:/Atmel/7.0/Packs/atmel/ATmega_DFP/1.2.209/gcc/dev/atmega328p/avr5/crtatmega328p.o
 .debug_str     0x00000208      0x275 F:\source\repos\Capstone-ChickenCoopDoor\Main Door\Main Door\Main Door\ArduinoCore\Release\libArduinoCore.a(main.o)
                                0x2ba (size before relaxing)
 .debug_str     0x0000047d       0x57 F:\source\repos\Capstone-ChickenCoopDoor\Main Door\Main Door\Main Door\ArduinoCore\Release\libArduinoCore.a(new.o)
                                0x1d0 (size before relaxing)
 .debug_str     0x000004d4      0xf8d F:\source\repos\Capstone-ChickenCoopDoor\Main Door\Main Door\Main Door\ArduinoCore\Release\libArduinoCore.a(Print.o)
                               0x1248 (size before relaxing)
 .debug_str     0x00001461      0x162 F:\source\repos\Capstone-ChickenCoopDoor\Main Door\Main Door\Main Door\ArduinoCore\Release\libArduinoCore.a(wiring.o)
                                0x250 (size before relaxing)
 .debug_str     0x000015c3       0x72 F:\source\repos\Capstone-ChickenCoopDoor\Main Door\Main Door\Main Door\ArduinoCore\Release\libArduinoCore.a(wiring_analog.o)
                                0x254 (size before relaxing)
 .debug_str     0x00001635       0xa9 F:\source\repos\Capstone-ChickenCoopDoor\Main Door\Main Door\Main Door\ArduinoCore\Release\libArduinoCore.a(wiring_digital.o)
                                0x2b5 (size before relaxing)
 .debug_str     0x000016de      0x3fd F:\source\repos\Capstone-ChickenCoopDoor\Main Door\Main Door\Main Door\ArduinoCore\Release\libArduinoCore.a(WString.o)
                               0x119b (size before relaxing)
 .debug_str     0x00001adb      0x87d F:\source\repos\Capstone-ChickenCoopDoor\Main Door\Main Door\Main Door\ArduinoCore\Release\libArduinoCore.a(Adafruit_RGBLCDShield.o)
                                0xbca (size before relaxing)
 .debug_str     0x00002358      0x14c F:\source\repos\Capstone-ChickenCoopDoor\Main Door\Main Door\Main Door\ArduinoCore\Release\libArduinoCore.a(Adafruit_MCP23017.o)
                                0x571 (size before relaxing)
 .debug_str     0x000024a4      0x91c F:\source\repos\Capstone-ChickenCoopDoor\Main Door\Main Door\Main Door\ArduinoCore\Release\libArduinoCore.a(Wire.o)
                               0x18c7 (size before relaxing)
 .debug_str     0x00002dc0       0x83 F:\source\repos\Capstone-ChickenCoopDoor\Main Door\Main Door\Main Door\ArduinoCore\Release\libArduinoCore.a(hooks.o)
                                0x151 (size before relaxing)
 .debug_str     0x00002e43      0x151 F:\source\repos\Capstone-ChickenCoopDoor\Main Door\Main Door\Main Door\ArduinoCore\Release\libArduinoCore.a(twi.o)
                                0x3d0 (size before relaxing)

.debug_loc      0x00000000     0x9208
 *(.debug_loc)
 .debug_loc     0x00000000       0x4c F:\source\repos\Capstone-ChickenCoopDoor\Main Door\Main Door\Main Door\ArduinoCore\Release\libArduinoCore.a(new.o)
 .debug_loc     0x0000004c     0x1c87 F:\source\repos\Capstone-ChickenCoopDoor\Main Door\Main Door\Main Door\ArduinoCore\Release\libArduinoCore.a(Print.o)
 .debug_loc     0x00001cd3      0x28d F:\source\repos\Capstone-ChickenCoopDoor\Main Door\Main Door\Main Door\ArduinoCore\Release\libArduinoCore.a(wiring.o)
 .debug_loc     0x00001f60       0xfe F:\source\repos\Capstone-ChickenCoopDoor\Main Door\Main Door\Main Door\ArduinoCore\Release\libArduinoCore.a(wiring_analog.o)
 .debug_loc     0x0000205e      0x5fc F:\source\repos\Capstone-ChickenCoopDoor\Main Door\Main Door\Main Door\ArduinoCore\Release\libArduinoCore.a(wiring_digital.o)
 .debug_loc     0x0000265a     0x422d F:\source\repos\Capstone-ChickenCoopDoor\Main Door\Main Door\Main Door\ArduinoCore\Release\libArduinoCore.a(WString.o)
 .debug_loc     0x00006887     0x127a F:\source\repos\Capstone-ChickenCoopDoor\Main Door\Main Door\Main Door\ArduinoCore\Release\libArduinoCore.a(Adafruit_RGBLCDShield.o)
 .debug_loc     0x00007b01      0x73b F:\source\repos\Capstone-ChickenCoopDoor\Main Door\Main Door\Main Door\ArduinoCore\Release\libArduinoCore.a(Adafruit_MCP23017.o)
 .debug_loc     0x0000823c      0xbe6 F:\source\repos\Capstone-ChickenCoopDoor\Main Door\Main Door\Main Door\ArduinoCore\Release\libArduinoCore.a(Wire.o)
 .debug_loc     0x00008e22      0x3e6 F:\source\repos\Capstone-ChickenCoopDoor\Main Door\Main Door\Main Door\ArduinoCore\Release\libArduinoCore.a(twi.o)

.debug_macinfo
 *(.debug_macinfo)

.debug_weaknames
 *(.debug_weaknames)

.debug_funcnames
 *(.debug_funcnames)

.debug_typenames
 *(.debug_typenames)

.debug_varnames
 *(.debug_varnames)

.debug_pubtypes
 *(.debug_pubtypes)

.debug_ranges   0x00000000      0x7b8
 *(.debug_ranges)
 .debug_ranges  0x00000000       0x20 F:\source\repos\Capstone-ChickenCoopDoor\Main Door\Main Door\Main Door\ArduinoCore\Release\libArduinoCore.a(main.o)
 .debug_ranges  0x00000020       0x18 F:\source\repos\Capstone-ChickenCoopDoor\Main Door\Main Door\Main Door\ArduinoCore\Release\libArduinoCore.a(new.o)
 .debug_ranges  0x00000038      0x120 F:\source\repos\Capstone-ChickenCoopDoor\Main Door\Main Door\Main Door\ArduinoCore\Release\libArduinoCore.a(Print.o)
 .debug_ranges  0x00000158       0x38 F:\source\repos\Capstone-ChickenCoopDoor\Main Door\Main Door\Main Door\ArduinoCore\Release\libArduinoCore.a(wiring.o)
 .debug_ranges  0x00000190       0x20 F:\source\repos\Capstone-ChickenCoopDoor\Main Door\Main Door\Main Door\ArduinoCore\Release\libArduinoCore.a(wiring_analog.o)
 .debug_ranges  0x000001b0       0x28 F:\source\repos\Capstone-ChickenCoopDoor\Main Door\Main Door\Main Door\ArduinoCore\Release\libArduinoCore.a(wiring_digital.o)
 .debug_ranges  0x000001d8      0x2f8 F:\source\repos\Capstone-ChickenCoopDoor\Main Door\Main Door\Main Door\ArduinoCore\Release\libArduinoCore.a(WString.o)
 .debug_ranges  0x000004d0      0x130 F:\source\repos\Capstone-ChickenCoopDoor\Main Door\Main Door\Main Door\ArduinoCore\Release\libArduinoCore.a(Adafruit_RGBLCDShield.o)
 .debug_ranges  0x00000600       0x50 F:\source\repos\Capstone-ChickenCoopDoor\Main Door\Main Door\Main Door\ArduinoCore\Release\libArduinoCore.a(Adafruit_MCP23017.o)
 .debug_ranges  0x00000650       0xe8 F:\source\repos\Capstone-ChickenCoopDoor\Main Door\Main Door\Main Door\ArduinoCore\Release\libArduinoCore.a(Wire.o)
 .debug_ranges  0x00000738       0x10 F:\source\repos\Capstone-ChickenCoopDoor\Main Door\Main Door\Main Door\ArduinoCore\Release\libArduinoCore.a(hooks.o)
 .debug_ranges  0x00000748       0x70 F:\source\repos\Capstone-ChickenCoopDoor\Main Door\Main Door\Main Door\ArduinoCore\Release\libArduinoCore.a(twi.o)

.debug_macro
 *(.debug_macro)
OUTPUT(demo_analog.elf elf32-avr)
LOAD linker stubs
