Archive member included to satisfy reference by file (symbol)

C:\Users\natha\source\repos\CAPSTO~1\MAINDO~1\MAINDO~1\MAINDO~1\ARDUIN~1\Release\libArduinoCore.a(HardwareSerial.o)
                              Sketch.o (_ZN14HardwareSerial5beginEmh)
C:\Users\natha\source\repos\CAPSTO~1\MAINDO~1\MAINDO~1\MAINDO~1\ARDUIN~1\Release\libArduinoCore.a(HardwareSerial0.o)
                              Safety.o (Serial)
C:\Users\natha\source\repos\CAPSTO~1\MAINDO~1\MAINDO~1\MAINDO~1\ARDUIN~1\Release\libArduinoCore.a(main.o)
                              C:/Program Files (x86)/Atmel/Studio/7.0/Packs/atmel/ATmega_DFP/1.2.209/gcc/dev/atmega328p/avr5/crtatmega328p.o (main)
C:\Users\natha\source\repos\CAPSTO~1\MAINDO~1\MAINDO~1\MAINDO~1\ARDUIN~1\Release\libArduinoCore.a(new.o)
                              Sketch.o (_Znwj)
C:\Users\natha\source\repos\CAPSTO~1\MAINDO~1\MAINDO~1\MAINDO~1\ARDUIN~1\Release\libArduinoCore.a(Print.o)
                              C:\Users\natha\source\repos\CAPSTO~1\MAINDO~1\MAINDO~1\MAINDO~1\ARDUIN~1\Release\libArduinoCore.a(HardwareSerial.o) (_ZN5Print5writeEPKhj)
C:\Users\natha\source\repos\CAPSTO~1\MAINDO~1\MAINDO~1\MAINDO~1\ARDUIN~1\Release\libArduinoCore.a(wiring.o)
                              Sketch.o (millis)
C:\Users\natha\source\repos\CAPSTO~1\MAINDO~1\MAINDO~1\MAINDO~1\ARDUIN~1\Release\libArduinoCore.a(wiring_analog.o)
                              Sketch.o (analogReference)
C:\Users\natha\source\repos\CAPSTO~1\MAINDO~1\MAINDO~1\MAINDO~1\ARDUIN~1\Release\libArduinoCore.a(wiring_digital.o)
                              Safety.o (pinMode)
C:\Users\natha\source\repos\CAPSTO~1\MAINDO~1\MAINDO~1\MAINDO~1\ARDUIN~1\Release\libArduinoCore.a(WString.o)
                              Display.o (_ZN6StringD1Ev)
C:\Users\natha\source\repos\CAPSTO~1\MAINDO~1\MAINDO~1\MAINDO~1\ARDUIN~1\Release\libArduinoCore.a(Adafruit_RGBLCDShield.o)
                              Display.o (_ZTV21Adafruit_RGBLCDShield)
C:\Users\natha\source\repos\CAPSTO~1\MAINDO~1\MAINDO~1\MAINDO~1\ARDUIN~1\Release\libArduinoCore.a(Adafruit_MCP23017.o)
                              C:\Users\natha\source\repos\CAPSTO~1\MAINDO~1\MAINDO~1\MAINDO~1\ARDUIN~1\Release\libArduinoCore.a(Adafruit_RGBLCDShield.o) (_ZN17Adafruit_MCP230175beginEv)
C:\Users\natha\source\repos\CAPSTO~1\MAINDO~1\MAINDO~1\MAINDO~1\ARDUIN~1\Release\libArduinoCore.a(Wire.o)
                              C:\Users\natha\source\repos\CAPSTO~1\MAINDO~1\MAINDO~1\MAINDO~1\ARDUIN~1\Release\libArduinoCore.a(Adafruit_MCP23017.o) (_ZN7TwoWire4readEv)
C:\Users\natha\source\repos\CAPSTO~1\MAINDO~1\MAINDO~1\MAINDO~1\ARDUIN~1\Release\libArduinoCore.a(abi.o)
                              C:\Users\natha\source\repos\CAPSTO~1\MAINDO~1\MAINDO~1\MAINDO~1\ARDUIN~1\Release\libArduinoCore.a(Print.o) (__cxa_pure_virtual)
C:\Users\natha\source\repos\CAPSTO~1\MAINDO~1\MAINDO~1\MAINDO~1\ARDUIN~1\Release\libArduinoCore.a(hooks.o)
                              C:\Users\natha\source\repos\CAPSTO~1\MAINDO~1\MAINDO~1\MAINDO~1\ARDUIN~1\Release\libArduinoCore.a(wiring.o) (yield)
C:\Users\natha\source\repos\CAPSTO~1\MAINDO~1\MAINDO~1\MAINDO~1\ARDUIN~1\Release\libArduinoCore.a(twi.o)
                              C:\Users\natha\source\repos\CAPSTO~1\MAINDO~1\MAINDO~1\MAINDO~1\ARDUIN~1\Release\libArduinoCore.a(Wire.o) (twi_init)
c:/program files (x86)/atmel/studio/7.0/toolchain/avr8/avr8-gnu-toolchain/bin/../lib/gcc/avr/5.4.0/../../../../avr/lib/avr5\libm.a(addsf3.o)
                              C:\Users\natha\source\repos\CAPSTO~1\MAINDO~1\MAINDO~1\MAINDO~1\ARDUIN~1\Release\libArduinoCore.a(Print.o) (__subsf3)
c:/program files (x86)/atmel/studio/7.0/toolchain/avr8/avr8-gnu-toolchain/bin/../lib/gcc/avr/5.4.0/../../../../avr/lib/avr5\libm.a(addsf3x.o)
                              c:/program files (x86)/atmel/studio/7.0/toolchain/avr8/avr8-gnu-toolchain/bin/../lib/gcc/avr/5.4.0/../../../../avr/lib/avr5\libm.a(addsf3.o) (__addsf3x)
c:/program files (x86)/atmel/studio/7.0/toolchain/avr8/avr8-gnu-toolchain/bin/../lib/gcc/avr/5.4.0/../../../../avr/lib/avr5\libm.a(cmpsf2.o)
                              C:\Users\natha\source\repos\CAPSTO~1\MAINDO~1\MAINDO~1\MAINDO~1\ARDUIN~1\Release\libArduinoCore.a(Print.o) (__ltsf2)
c:/program files (x86)/atmel/studio/7.0/toolchain/avr8/avr8-gnu-toolchain/bin/../lib/gcc/avr/5.4.0/../../../../avr/lib/avr5\libm.a(divsf3.o)
                              C:\Users\natha\source\repos\CAPSTO~1\MAINDO~1\MAINDO~1\MAINDO~1\ARDUIN~1\Release\libArduinoCore.a(Print.o) (__divsf3)
c:/program files (x86)/atmel/studio/7.0/toolchain/avr8/avr8-gnu-toolchain/bin/../lib/gcc/avr/5.4.0/../../../../avr/lib/avr5\libm.a(divsf3x.o)
                              c:/program files (x86)/atmel/studio/7.0/toolchain/avr8/avr8-gnu-toolchain/bin/../lib/gcc/avr/5.4.0/../../../../avr/lib/avr5\libm.a(divsf3.o) (__divsf3x)
[...]
Memory Configuration

Name             Origin             Length             Attributes
text             0x00000000         0x00020000         xr
data             0x00800060         0x0000ffa0         rw !x
eeprom           0x00810000         0x00010000         rw !x
fuse             0x00820000         0x00000003         rw !x
lock             0x00830000         0x00000400         rw !x
signature        0x00840000         0x00000400         rw !x
user_signatures  0x00850000         0x00000400         rw !x
*default*        0x00000000         0xffffffff

Linker script and memory map

Address of section .data set to 0x800100
LOAD C:/Program Files (x86)/Atmel/Studio/7.0/Packs/atmel/ATmega_DFP/1.2.209/gcc/dev/atmega328p/avr5/crtatmega328p.o
LOAD Display.o
LOAD Safety.o
LOAD Sketch.o
START GROUP
LOAD c:/program files (x86)/atmel/studio/7.0/toolchain/avr8/avr8-gnu-toolchain/bin/../lib/gcc/avr/5.4.0/../../../../avr/lib/avr5\libm.a
LOAD C:\Users\natha\source\repos\CAPSTO~1\MAINDO~1\MAINDO~1\MAINDO~1\ARDUIN~1\Release\libArduinoCore.a
END GROUP
LOAD c:/program files (x86)/atmel/studio/7.0/toolchain/avr8/avr8-gnu-toolchain/bin/../lib/gcc/avr/5.4.0/avr5\libgcc.a
LOAD c:/program files (x86)/atmel/studio/7.0/toolchain/avr8/avr8-gnu-toolchain/bin/../lib/gcc/avr/5.4.0/../../../../avr/lib/avr5\libm.a
START GROUP
LOAD c:/program files (x86)/atmel/studio/7.0/toolchain/avr8/avr8-gnu-toolchain/bin/../lib/gcc/avr/5.4.0/avr5\libgcc.a
LOAD c:/program files (x86)/atmel/studio/7.0/toolchain/avr8/avr8-gnu-toolchain/bin/../lib/gcc/avr/5.4.0/../../../../avr/lib/avr5\libm.a
LOAD c:/program files (x86)/atmel/studio/7.0/toolchain/avr8/avr8-gnu-toolchain/bin/../lib/gcc/avr/5.4.0/../../../../avr/lib/avr5\libc.a
LOAD C:/Program Files (x86)/Atmel/Studio/7.0/Packs/atmel/ATmega_DFP/1.2.209/gcc/dev/atmega328p/avr5\libatmega328p.a
END GROUP
                0x00020000                __TEXT_REGION_LENGTH__ = DEFINED (__TEXT_REGION_LENGTH__)?__TEXT_REGION_LENGTH__:0x20000
                0x0000ffa0                __DATA_REGION_LENGTH__ = DEFINED (__DATA_REGION_LENGTH__)?__DATA_REGION_LENGTH__:0xffa0
                0x00010000                __EEPROM_REGION_LENGTH__ = DEFINED (__EEPROM_REGION_LENGTH__)?__EEPROM_REGION_LENGTH__:0x10000
                [0x00000003]                __FUSE_REGION_LENGTH__ = DEFINED (__FUSE_REGION_LENGTH__)?__FUSE_REGION_LENGTH__:0x400
                0x00000400                __LOCK_REGION_LENGTH__ = DEFINED (__LOCK_REGION_LENGTH__)?__LOCK_REGION_LENGTH__:0x400
                0x00000400                __SIGNATURE_REGION_LENGTH__ = DEFINED (__SIGNATURE_REGION_LENGTH__)?__SIGNATURE_REGION_LENGTH__:0x400
                0x00000400                __USER_SIGNATURE_REGION_LENGTH__ = DEFINED (__USER_SIGNATURE_REGION_LENGTH__)?__USER_SIGNATURE_REGION_LENGTH__:0x400

.hash
 *(.hash)

.dynsym
 *(.dynsym)

.dynstr
 *(.dynstr)

.gnu.version
 *(.gnu.version)

.gnu.version_d
 *(.gnu.version_d)

.gnu.version_r
 *(.gnu.version_r)

.rel.init
 *(.rel.init)

.rela.init
 *(.rela.init)

.rel.text
 *(.rel.text)
 *(.rel.text.*)
 *(.rel.gnu.linkonce.t*)

.rela.text
 *(.rela.text)
 *(.rela.text.*)
 *(.rela.gnu.linkonce.t*)

.rel.fini
 *(.rel.fini)

.rela.fini
 *(.rela.fini)

.rel.rodata
 *(.rel.rodata)
 *(.rel.rodata.*)
 *(.rel.gnu.linkonce.r*)

.rela.rodata
 *(.rela.rodata)
 *(.rela.rodata.*)
 *(.rela.gnu.linkonce.r*)

.rel.data
 *(.rel.data)
 *(.rel.data.*)
 *(.rel.gnu.linkonce.d*)

.rela.data
 *(.rela.data)
 *(.rela.data.*)
 *(.rela.gnu.linkonce.d*)

.rel.ctors
 *(.rel.ctors)

.rela.ctors
 *(.rela.ctors)

.rel.dtors
 *(.rel.dtors)

.rela.dtors
 *(.rela.dtors)

.rel.got
 *(.rel.got)

.rela.got
 *(.rela.got)

.rel.bss
 *(.rel.bss)

.rela.bss
 *(.rela.bss)

.rel.plt
 *(.rel.plt)

.rela.plt
 *(.rela.plt)

.text           0x00000000     0x2d84
 *(.vectors)
 .vectors       0x00000000       0x68 C:/Program Files (x86)/Atmel/Studio/7.0/Packs/atmel/ATmega_DFP/1.2.209/gcc/dev/atmega328p/avr5/crtatmega328p.o
                0x00000000                __vector_default
                0x00000000                __vectors
 *(.vectors)
 *(.progmem.gcc*)
                0x00000068                . = ALIGN (0x2)
                0x00000068                __trampolines_start = .
 *(.trampolines)
 .trampolines   0x00000068        0x0 linker stubs
 *(.trampolines*)
                0x00000068                __trampolines_end = .
 *libprintf_flt.a:*(.progmem.data)
 *libc.a:*(.progmem.data)
 *(.progmem*)
 .progmem.data.digital_pin_to_timer_PGM
                0x00000068       0x14 C:\Users\natha\source\repos\CAPSTO~1\MAINDO~1\MAINDO~1\MAINDO~1\ARDUIN~1\Release\libArduinoCore.a(wiring_digital.o)
                0x00000068                digital_pin_to_timer_PGM
 .progmem.data.digital_pin_to_bit_mask_PGM
                0x0000007c       0x14 C:\Users\natha\source\repos\CAPSTO~1\MAINDO~1\MAINDO~1\MAINDO~1\ARDUIN~1\Release\libArduinoCore.a(wiring_digital.o)
                0x0000007c                digital_pin_to_bit_mask_PGM
 .progmem.data.digital_pin_to_port_PGM
                0x00000090       0x14 C:\Users\natha\source\repos\CAPSTO~1\MAINDO~1\MAINDO~1\MAINDO~1\ARDUIN~1\Release\libArduinoCore.a(wiring_digital.o)
                0x00000090                digital_pin_to_port_PGM
 .progmem.data.port_to_output_PGM
                0x000000a4        0xa C:\Users\natha\source\repos\CAPSTO~1\MAINDO~1\MAINDO~1\MAINDO~1\ARDUIN~1\Release\libArduinoCore.a(wiring_digital.o)
                0x000000a4                port_to_output_PGM
 .progmem.data.port_to_mode_PGM
                0x000000ae        0xa C:\Users\natha\source\repos\CAPSTO~1\MAINDO~1\MAINDO~1\MAINDO~1\ARDUIN~1\Release\libArduinoCore.a(wiring_digital.o)
                0x000000ae                port_to_mode_PGM
                0x000000b8                . = ALIGN (0x2)
 *(.jumptables)
 *(.jumptables*)
 *(.lowtext)
 *(.lowtext*)
                0x000000b8                __ctors_start = .
 *(.ctors)
 .ctors         0x000000b8        0x2 Sketch.o
 .ctors         0x000000ba        0x2 C:\Users\natha\source\repos\CAPSTO~1\MAINDO~1\MAINDO~1\MAINDO~1\ARDUIN~1\Release\libArduinoCore.a(HardwareSerial0.o)
 .ctors         0x000000bc        0x2 C:\Users\natha\source\repos\CAPSTO~1\MAINDO~1\MAINDO~1\MAINDO~1\ARDUIN~1\Release\libArduinoCore.a(Wire.o)
                0x000000be                __ctors_end = .
                0x000000be                __dtors_start = .
 *(.dtors)
 .dtors         0x000000be        0x2 Sketch.o
                0x000000c0                __dtors_end = .
 SORT(*)(.ctors)
 SORT(*)(.dtors)
 *(.init0)
 .init0         0x000000c0        0x0 C:/Program Files (x86)/Atmel/Studio/7.0/Packs/atmel/ATmega_DFP/1.2.209/gcc/dev/atmega328p/avr5/crtatmega328p.o
                0x000000c0                __init
 *(.init0)
 *(.init1)
 *(.init1)
 *(.init2)
 .init2         0x000000c0        0xc C:/Program Files (x86)/Atmel/Studio/7.0/Packs/atmel/ATmega_DFP/1.2.209/gcc/dev/atmega328p/avr5/crtatmega328p.o
 *(.init2)
 *(.init3)
 *(.init3)
 *(.init4)
 .init4         0x000000cc       0x16 c:/program files (x86)/atmel/studio/7.0/toolchain/avr8/avr8-gnu-toolchain/bin/../lib/gcc/avr/5.4.0/avr5\libgcc.a(_copy_data.o)
                0x000000cc                __do_copy_data
 .init4         0x000000e2       0x10 c:/program files (x86)/atmel/studio/7.0/toolchain/avr8/avr8-gnu-toolchain/bin/../lib/gcc/avr/5.4.0/avr5\libgcc.a(_clear_bss.o)
                0x000000e2                __do_clear_bss
 *(.init4)
 *(.init5)
 *(.init5)
 *(.init6)
 .init6         0x000000f2       0x16 c:/program files (x86)/atmel/studio/7.0/toolchain/avr8/avr8-gnu-toolchain/bin/../lib/gcc/avr/5.4.0/avr5\libgcc.a(_ctors.o)
                0x000000f2                __do_global_ctors
 *(.init6)
 *(.init7)
 *(.init7)
 *(.init8)
 *(.init8)
 *(.init9)
 .init9         0x00000108        0x8 C:/Program Files (x86)/Atmel/Studio/7.0/Packs/atmel/ATmega_DFP/1.2.209/gcc/dev/atmega328p/avr5/crtatmega328p.o
 *(.init9)
 *(.text)
 .text          0x00000110        0x4 C:/Program Files (x86)/Atmel/Studio/7.0/Packs/atmel/ATmega_DFP/1.2.209/gcc/dev/atmega328p/avr5/crtatmega328p.o
                0x00000110                __vector_22
                0x00000110                __vector_1
                0x00000110                __vector_12
                0x00000110                __bad_interrupt
                0x00000110                __vector_6
                0x00000110                __vector_3
                0x00000110                __vector_23
                0x00000110                __vector_25
                0x00000110                __vector_11
                0x00000110                __vector_13
                0x00000110                __vector_17
                0x00000110                __vector_7
                0x00000110                __vector_5
                0x00000110                __vector_4
                0x00000110                __vector_9
                0x00000110                __vector_2
                0x00000110                __vector_21
                0x00000110                __vector_15
                0x00000110                __vector_8
                0x00000110                __vector_14
                0x00000110                __vector_10
                0x00000110                __vector_20
                0x00000114                . = ALIGN (0x2)
 *(.text.*)
 .text._ZN7Display8print2lnE6StringS0_
                0x00000114       0x50 Display.o
                0x00000114                _ZN7Display8print2lnE6StringS0_
 .text._ZN7Display11refreshLineEv
                0x00000164      0x106 Display.o
                0x00000164                _ZN7Display11refreshLineEv
 .text._ZN7Display17setCurrentDisplayE6StringS0_iPiiib
                0x0000026a      0x114 Display.o
                0x0000026a                _ZN7Display17setCurrentDisplayE6StringS0_iPiiib
 .text._ZN7Display13selectDisplayEibPcS0_
                0x0000037e      0x196 Display.o
                0x0000037e                _ZN7Display13selectDisplayEibPcS0_
 .text._ZN7DisplayC2E21Adafruit_RGBLCDShield
                0x00000514       0xb2 Display.o
                0x00000514                _ZN7DisplayC1E21Adafruit_RGBLCDShield
                0x00000514                _ZN7DisplayC2E21Adafruit_RGBLCDShield
 .text._ZN7Display21UpdateMenuFromButtonsEv
                0x000005c6       0x84 Display.o
                0x000005c6                _ZN7Display21UpdateMenuFromButtonsEv
 .text._ZN6SafetyC2Ev
                0x0000064a        0x2 Safety.o
                0x0000064a                _ZN6SafetyC1Ev
                0x0000064a                _ZN6SafetyC2Ev
 .text.setup    0x0000064c      0x114 Sketch.o
                0x0000064c                setup
 .text.loop     0x00000760       0xa0 Sketch.o
                0x00000760                loop
 .text.startup._GLOBAL__sub_I_Temperature
                0x00000800       0x20 Sketch.o
 .text.exit._GLOBAL__sub_D_Temperature
                0x00000820       0x10 Sketch.o
 .text._ZN14HardwareSerial9availableEv
                0x00000830       0x18 C:\Users\natha\source\repos\CAPSTO~1\MAINDO~1\MAINDO~1\MAINDO~1\ARDUIN~1\Release\libArduinoCore.a(HardwareSerial.o)
                0x00000830                _ZN14HardwareSerial9availableEv
 .text._ZN14HardwareSerial4peekEv
                0x00000848       0x1c C:\Users\natha\source\repos\CAPSTO~1\MAINDO~1\MAINDO~1\MAINDO~1\ARDUIN~1\Release\libArduinoCore.a(HardwareSerial.o)
                0x00000848                _ZN14HardwareSerial4peekEv
 .text._ZN14HardwareSerial4readEv
                0x00000864       0x28 C:\Users\natha\source\repos\CAPSTO~1\MAINDO~1\MAINDO~1\MAINDO~1\ARDUIN~1\Release\libArduinoCore.a(HardwareSerial.o)
                0x00000864                _ZN14HardwareSerial4readEv
 .text._ZN14HardwareSerial17availableForWriteEv
                0x0000088c       0x1e C:\Users\natha\source\repos\CAPSTO~1\MAINDO~1\MAINDO~1\MAINDO~1\ARDUIN~1\Release\libArduinoCore.a(HardwareSerial.o)
                0x0000088c                _ZN14HardwareSerial17availableForWriteEv
 .text._Z14serialEventRunv
                0x000008aa       0x1c C:\Users\natha\source\repos\CAPSTO~1\MAINDO~1\MAINDO~1\MAINDO~1\ARDUIN~1\Release\libArduinoCore.a(HardwareSerial.o)
                0x000008aa                _Z14serialEventRunv
 .text._ZN14HardwareSerial17_tx_udr_empty_irqEv
                0x000008c6       0x44 C:\Users\natha\source\repos\CAPSTO~1\MAINDO~1\MAINDO~1\MAINDO~1\ARDUIN~1\Release\libArduinoCore.a(HardwareSerial.o)
                0x000008c6                _ZN14HardwareSerial17_tx_udr_empty_irqEv
 .text._ZN14HardwareSerial5writeEh
                0x0000090a       0x9a C:\Users\natha\source\repos\CAPSTO~1\MAINDO~1\MAINDO~1\MAINDO~1\ARDUIN~1\Release\libArduinoCore.a(HardwareSerial.o)
                0x0000090a                _ZN14HardwareSerial5writeEh
 .text._ZN14HardwareSerial5flushEv
                0x000009a4       0x44 C:\Users\natha\source\repos\CAPSTO~1\MAINDO~1\MAINDO~1\MAINDO~1\ARDUIN~1\Release\libArduinoCore.a(HardwareSerial.o)
                0x000009a4                _ZN14HardwareSerial5flushEv
 .text._ZN14HardwareSerial5beginEmh
                0x000009e8       0xca C:\Users\natha\source\repos\CAPSTO~1\MAINDO~1\MAINDO~1\MAINDO~1\ARDUIN~1\Release\libArduinoCore.a(HardwareSerial.o)
                0x000009e8                _ZN14HardwareSerial5beginEmh
 .text._ZN5Print17availableForWriteEv
                0x00000ab2        0x6 C:\Users\natha\source\repos\CAPSTO~1\MAINDO~1\MAINDO~1\MAINDO~1\ARDUIN~1\Release\libArduinoCore.a(HardwareSerial0.o)
                0x00000ab2                _ZN5Print17availableForWriteEv
 .text._ZN5Print5flushEv
                0x00000ab8        0x2 C:\Users\natha\source\repos\CAPSTO~1\MAINDO~1\MAINDO~1\MAINDO~1\ARDUIN~1\Release\libArduinoCore.a(HardwareSerial0.o)
                0x00000ab8                _ZN5Print5flushEv
 .text.__vector_18
                0x00000aba       0x64 C:\Users\natha\source\repos\CAPSTO~1\MAINDO~1\MAINDO~1\MAINDO~1\ARDUIN~1\Release\libArduinoCore.a(HardwareSerial0.o)
                0x00000aba                __vector_18
 .text.__vector_19
                0x00000b1e       0x4c C:\Users\natha\source\repos\CAPSTO~1\MAINDO~1\MAINDO~1\MAINDO~1\ARDUIN~1\Release\libArduinoCore.a(HardwareSerial0.o)
                0x00000b1e                __vector_19
 .text._Z17Serial0_availablev
                0x00000b6a       0x14 C:\Users\natha\source\repos\CAPSTO~1\MAINDO~1\MAINDO~1\MAINDO~1\ARDUIN~1\Release\libArduinoCore.a(HardwareSerial0.o)
                0x00000b6a                _Z17Serial0_availablev
 .text.startup._GLOBAL__sub_I___vector_18
                0x00000b7e       0x5a C:\Users\natha\source\repos\CAPSTO~1\MAINDO~1\MAINDO~1\MAINDO~1\ARDUIN~1\Release\libArduinoCore.a(HardwareSerial0.o)
 .text.initVariant
                0x00000bd8        0x2 C:\Users\natha\source\repos\CAPSTO~1\MAINDO~1\MAINDO~1\MAINDO~1\ARDUIN~1\Release\libArduinoCore.a(main.o)
                0x00000bd8                initVariant
 .text.startup.main
                0x00000bda       0x1e C:\Users\natha\source\repos\CAPSTO~1\MAINDO~1\MAINDO~1\MAINDO~1\ARDUIN~1\Release\libArduinoCore.a(main.o)
                0x00000bda                main
 .text._Znwj    0x00000bf8        0x4 C:\Users\natha\source\repos\CAPSTO~1\MAINDO~1\MAINDO~1\MAINDO~1\ARDUIN~1\Release\libArduinoCore.a(new.o)
                0x00000bf8                _Znwj
 .text._ZN5Print5writeEPKhj
                0x00000bfc       0x54 C:\Users\natha\source\repos\CAPSTO~1\MAINDO~1\MAINDO~1\MAINDO~1\ARDUIN~1\Release\libArduinoCore.a(Print.o)
                0x00000bfc                _ZN5Print5writeEPKhj
 .text._ZN5Print5writeEPKc
                0x00000c50       0x2a C:\Users\natha\source\repos\CAPSTO~1\MAINDO~1\MAINDO~1\MAINDO~1\ARDUIN~1\Release\libArduinoCore.a(Print.o)
                0x00000c50                _ZN5Print5writeEPKc
 .text._ZN5Print5printERK6String
                0x00000c7a       0x1c C:\Users\natha\source\repos\CAPSTO~1\MAINDO~1\MAINDO~1\MAINDO~1\ARDUIN~1\Release\libArduinoCore.a(Print.o)
                0x00000c7a                _ZN5Print5printERK6String
 .text._ZN5Print7printlnEv
                0x00000c96        0x8 C:\Users\natha\source\repos\CAPSTO~1\MAINDO~1\MAINDO~1\MAINDO~1\ARDUIN~1\Release\libArduinoCore.a(Print.o)
                0x00000c96                _ZN5Print7printlnEv
 .text._ZN5Print7printlnEPKc
                0x00000c9e       0x24 C:\Users\natha\source\repos\CAPSTO~1\MAINDO~1\MAINDO~1\MAINDO~1\ARDUIN~1\Release\libArduinoCore.a(Print.o)
                0x00000c9e                _ZN5Print7printlnEPKc
 .text.__vector_16
                0x00000cc2       0x94 C:\Users\natha\source\repos\CAPSTO~1\MAINDO~1\MAINDO~1\MAINDO~1\ARDUIN~1\Release\libArduinoCore.a(wiring.o)
                0x00000cc2                __vector_16
 .text.millis   0x00000d56       0x18 C:\Users\natha\source\repos\CAPSTO~1\MAINDO~1\MAINDO~1\MAINDO~1\ARDUIN~1\Release\libArduinoCore.a(wiring.o)
                0x00000d56                millis
 .text.micros   0x00000d6e       0x4a C:\Users\natha\source\repos\CAPSTO~1\MAINDO~1\MAINDO~1\MAINDO~1\ARDUIN~1\Release\libArduinoCore.a(wiring.o)
                0x00000d6e                micros
 .text.delay    0x00000db8       0x78 C:\Users\natha\source\repos\CAPSTO~1\MAINDO~1\MAINDO~1\MAINDO~1\ARDUIN~1\Release\libArduinoCore.a(wiring.o)
                0x00000db8                delay
 .text.delayMicroseconds
                0x00000e30       0x16 C:\Users\natha\source\repos\CAPSTO~1\MAINDO~1\MAINDO~1\MAINDO~1\ARDUIN~1\Release\libArduinoCore.a(wiring.o)
                0x00000e30                delayMicroseconds
 .text.init     0x00000e46       0x76 C:\Users\natha\source\repos\CAPSTO~1\MAINDO~1\MAINDO~1\MAINDO~1\ARDUIN~1\Release\libArduinoCore.a(wiring.o)
                0x00000e46                init
 .text.analogReference
                0x00000ebc        0x6 C:\Users\natha\source\repos\CAPSTO~1\MAINDO~1\MAINDO~1\MAINDO~1\ARDUIN~1\Release\libArduinoCore.a(wiring_analog.o)
                0x00000ebc                analogReference
 .text.turnOffPWM
                0x00000ec2       0x52 C:\Users\natha\source\repos\CAPSTO~1\MAINDO~1\MAINDO~1\MAINDO~1\ARDUIN~1\Release\libArduinoCore.a(wiring_digital.o)
 .text.pinMode  0x00000f14       0x78 C:\Users\natha\source\repos\CAPSTO~1\MAINDO~1\MAINDO~1\MAINDO~1\ARDUIN~1\Release\libArduinoCore.a(wiring_digital.o)
                0x00000f14                pinMode
 .text.digitalWrite
                0x00000f8c       0x5e C:\Users\natha\source\repos\CAPSTO~1\MAINDO~1\MAINDO~1\MAINDO~1\ARDUIN~1\Release\libArduinoCore.a(wiring_digital.o)
                0x00000f8c                digitalWrite
 .text._ZNK6String14StringIfHelperEv
                0x00000fea        0x2 C:\Users\natha\source\repos\CAPSTO~1\MAINDO~1\MAINDO~1\MAINDO~1\ARDUIN~1\Release\libArduinoCore.a(WString.o)
                0x00000fea                _ZNK6String14StringIfHelperEv
 .text._ZN6StringD2Ev
                0x00000fec        0xa C:\Users\natha\source\repos\CAPSTO~1\MAINDO~1\MAINDO~1\MAINDO~1\ARDUIN~1\Release\libArduinoCore.a(WString.o)
                0x00000fec                _ZN6StringD2Ev
                0x00000fec                _ZN6StringD1Ev
 .text._ZN6String10invalidateEv
                0x00000ff6       0x24 C:\Users\natha\source\repos\CAPSTO~1\MAINDO~1\MAINDO~1\MAINDO~1\ARDUIN~1\Release\libArduinoCore.a(WString.o)
                0x00000ff6                _ZN6String10invalidateEv
 .text._ZN6String12changeBufferEj
                0x0000101a       0x34 C:\Users\natha\source\repos\CAPSTO~1\MAINDO~1\MAINDO~1\MAINDO~1\ARDUIN~1\Release\libArduinoCore.a(WString.o)
                0x0000101a                _ZN6String12changeBufferEj
 .text._ZN6String7reserveEj
                0x0000104e       0x38 C:\Users\natha\source\repos\CAPSTO~1\MAINDO~1\MAINDO~1\MAINDO~1\ARDUIN~1\Release\libArduinoCore.a(WString.o)
                0x0000104e                _ZN6String7reserveEj
 .text._ZN6String4copyEPKcj
                0x00001086       0x42 C:\Users\natha\source\repos\CAPSTO~1\MAINDO~1\MAINDO~1\MAINDO~1\ARDUIN~1\Release\libArduinoCore.a(WString.o)
                0x00001086                _ZN6String4copyEPKcj
 .text._ZN6StringC2EPKc
                0x000010c8       0x2a C:\Users\natha\source\repos\CAPSTO~1\MAINDO~1\MAINDO~1\MAINDO~1\ARDUIN~1\Release\libArduinoCore.a(WString.o)
                0x000010c8                _ZN6StringC2EPKc
                0x000010c8                _ZN6StringC1EPKc
 .text._ZN6String4moveERS_
                0x000010f2       0x7a C:\Users\natha\source\repos\CAPSTO~1\MAINDO~1\MAINDO~1\MAINDO~1\ARDUIN~1\Release\libArduinoCore.a(WString.o)
                0x000010f2                _ZN6String4moveERS_
 .text._ZN6StringaSERKS_
                0x0000116c       0x2e C:\Users\natha\source\repos\CAPSTO~1\MAINDO~1\MAINDO~1\MAINDO~1\ARDUIN~1\Release\libArduinoCore.a(WString.o)
                0x0000116c                _ZN6StringaSERKS_
 .text._ZN6StringC2ERKS_
                0x0000119a       0x12 C:\Users\natha\source\repos\CAPSTO~1\MAINDO~1\MAINDO~1\MAINDO~1\ARDUIN~1\Release\libArduinoCore.a(WString.o)
                0x0000119a                _ZN6StringC2ERKS_
                0x0000119a                _ZN6StringC1ERKS_
 .text._ZN6StringaSEOS_
                0x000011ac       0x18 C:\Users\natha\source\repos\CAPSTO~1\MAINDO~1\MAINDO~1\MAINDO~1\ARDUIN~1\Release\libArduinoCore.a(WString.o)
                0x000011ac                _ZN6StringaSEOS_
 .text._ZN6StringaSEPKc
                0x000011c4       0x2e C:\Users\natha\source\repos\CAPSTO~1\MAINDO~1\MAINDO~1\MAINDO~1\ARDUIN~1\Release\libArduinoCore.a(WString.o)
                0x000011c4                _ZN6StringaSEPKc
 .text._ZNK6String9substringEjj
                0x000011f2       0x8a C:\Users\natha\source\repos\CAPSTO~1\MAINDO~1\MAINDO~1\MAINDO~1\ARDUIN~1\Release\libArduinoCore.a(WString.o)
                0x000011f2                _ZNK6String9substringEjj
 .text._ZN21Adafruit_RGBLCDShieldC2Ev
                0x0000127c       0x42 C:\Users\natha\source\repos\CAPSTO~1\MAINDO~1\MAINDO~1\MAINDO~1\ARDUIN~1\Release\libArduinoCore.a(Adafruit_RGBLCDShield.o)
                0x0000127c                _ZN21Adafruit_RGBLCDShieldC2Ev
                0x0000127c                _ZN21Adafruit_RGBLCDShieldC1Ev
 .text._ZN21Adafruit_RGBLCDShield13_digitalWriteEhh
                0x000012be       0x1a C:\Users\natha\source\repos\CAPSTO~1\MAINDO~1\MAINDO~1\MAINDO~1\ARDUIN~1\Release\libArduinoCore.a(Adafruit_RGBLCDShield.o)
                0x000012be                _ZN21Adafruit_RGBLCDShield13_digitalWriteEhh
 .text._ZN21Adafruit_RGBLCDShield12setBacklightEh
                0x000012d8       0x48 C:\Users\natha\source\repos\CAPSTO~1\MAINDO~1\MAINDO~1\MAINDO~1\ARDUIN~1\Release\libArduinoCore.a(Adafruit_RGBLCDShield.o)
                0x000012d8                _ZN21Adafruit_RGBLCDShield12setBacklightEh
 .text._ZN21Adafruit_RGBLCDShield8_pinModeEhh
                0x00001320       0x1a C:\Users\natha\source\repos\CAPSTO~1\MAINDO~1\MAINDO~1\MAINDO~1\ARDUIN~1\Release\libArduinoCore.a(Adafruit_RGBLCDShield.o)
                0x00001320                _ZN21Adafruit_RGBLCDShield8_pinModeEhh
 .text._ZN21Adafruit_RGBLCDShield11pulseEnableEv
                0x0000133a       0x3e C:\Users\natha\source\repos\CAPSTO~1\MAINDO~1\MAINDO~1\MAINDO~1\ARDUIN~1\Release\libArduinoCore.a(Adafruit_RGBLCDShield.o)
                0x0000133a                _ZN21Adafruit_RGBLCDShield11pulseEnableEv
 .text._ZN21Adafruit_RGBLCDShield10write4bitsEh
                0x00001378      0x168 C:\Users\natha\source\repos\CAPSTO~1\MAINDO~1\MAINDO~1\MAINDO~1\ARDUIN~1\Release\libArduinoCore.a(Adafruit_RGBLCDShield.o)
                0x00001378                _ZN21Adafruit_RGBLCDShield10write4bitsEh
 .text._ZN21Adafruit_RGBLCDShield10write8bitsEh
                0x000014e0       0x74 C:\Users\natha\source\repos\CAPSTO~1\MAINDO~1\MAINDO~1\MAINDO~1\ARDUIN~1\Release\libArduinoCore.a(Adafruit_RGBLCDShield.o)
                0x000014e0                _ZN21Adafruit_RGBLCDShield10write8bitsEh
 .text._ZN21Adafruit_RGBLCDShield4sendEhh
                0x00001554       0x52 C:\Users\natha\source\repos\CAPSTO~1\MAINDO~1\MAINDO~1\MAINDO~1\ARDUIN~1\Release\libArduinoCore.a(Adafruit_RGBLCDShield.o)
                0x00001554                _ZN21Adafruit_RGBLCDShield4sendEhh
 .text._ZN21Adafruit_RGBLCDShield7commandEh
                0x000015a6        0x6 C:\Users\natha\source\repos\CAPSTO~1\MAINDO~1\MAINDO~1\MAINDO~1\ARDUIN~1\Release\libArduinoCore.a(Adafruit_RGBLCDShield.o)
                0x000015a6                _ZN21Adafruit_RGBLCDShield7commandEh
 .text._ZN21Adafruit_RGBLCDShield5clearEv
                0x000015ac        0xe C:\Users\natha\source\repos\CAPSTO~1\MAINDO~1\MAINDO~1\MAINDO~1\ARDUIN~1\Release\libArduinoCore.a(Adafruit_RGBLCDShield.o)
                0x000015ac                _ZN21Adafruit_RGBLCDShield5clearEv
 .text._ZN21Adafruit_RGBLCDShield9setCursorEhh
                0x000015ba       0x5c C:\Users\natha\source\repos\CAPSTO~1\MAINDO~1\MAINDO~1\MAINDO~1\ARDUIN~1\Release\libArduinoCore.a(Adafruit_RGBLCDShield.o)
                0x000015ba                _ZN21Adafruit_RGBLCDShield9setCursorEhh
 .text._ZN21Adafruit_RGBLCDShield7displayEv
                0x00001616       0x10 C:\Users\natha\source\repos\CAPSTO~1\MAINDO~1\MAINDO~1\MAINDO~1\ARDUIN~1\Release\libArduinoCore.a(Adafruit_RGBLCDShield.o)
                0x00001616                _ZN21Adafruit_RGBLCDShield7displayEv
 .text._ZN21Adafruit_RGBLCDShield5beginEhhh
                0x00001626      0x1d0 C:\Users\natha\source\repos\CAPSTO~1\MAINDO~1\MAINDO~1\MAINDO~1\ARDUIN~1\Release\libArduinoCore.a(Adafruit_RGBLCDShield.o)
                0x00001626                _ZN21Adafruit_RGBLCDShield5beginEhhh
 .text._ZN21Adafruit_RGBLCDShield5writeEh
                0x000017f6        0xc C:\Users\natha\source\repos\CAPSTO~1\MAINDO~1\MAINDO~1\MAINDO~1\ARDUIN~1\Release\libArduinoCore.a(Adafruit_RGBLCDShield.o)
                0x000017f6                _ZN21Adafruit_RGBLCDShield5writeEh
 .text._ZN21Adafruit_RGBLCDShield11readButtonsEv
                0x00001802       0x60 C:\Users\natha\source\repos\CAPSTO~1\MAINDO~1\MAINDO~1\MAINDO~1\ARDUIN~1\Release\libArduinoCore.a(Adafruit_RGBLCDShield.o)
                0x00001802                _ZN21Adafruit_RGBLCDShield11readButtonsEv
 .text._ZL8wiresendh
                0x00001862        0xa C:\Users\natha\source\repos\CAPSTO~1\MAINDO~1\MAINDO~1\MAINDO~1\ARDUIN~1\Release\libArduinoCore.a(Adafruit_MCP23017.o)
 .text._ZN17Adafruit_MCP230175beginEh
                0x0000186c       0x5e C:\Users\natha\source\repos\CAPSTO~1\MAINDO~1\MAINDO~1\MAINDO~1\ARDUIN~1\Release\libArduinoCore.a(Adafruit_MCP23017.o)
                0x0000186c                _ZN17Adafruit_MCP230175beginEh
 .text._ZN17Adafruit_MCP230175beginEv
                0x000018ca        0x6 C:\Users\natha\source\repos\CAPSTO~1\MAINDO~1\MAINDO~1\MAINDO~1\ARDUIN~1\Release\libArduinoCore.a(Adafruit_MCP23017.o)
                0x000018ca                _ZN17Adafruit_MCP230175beginEv
 .text._ZN17Adafruit_MCP2301711writeGPIOABEj
                0x000018d0       0x36 C:\Users\natha\source\repos\CAPSTO~1\MAINDO~1\MAINDO~1\MAINDO~1\ARDUIN~1\Release\libArduinoCore.a(Adafruit_MCP23017.o)
                0x000018d0                _ZN17Adafruit_MCP2301711writeGPIOABEj
 .text._ZN17Adafruit_MCP230177pinModeEhh
                0x00001906       0xc4 C:\Users\natha\source\repos\CAPSTO~1\MAINDO~1\MAINDO~1\MAINDO~1\ARDUIN~1\Release\libArduinoCore.a(Adafruit_MCP23017.o)
                0x00001906                _ZN17Adafruit_MCP230177pinModeEhh
 .text._ZN17Adafruit_MCP2301710readGPIOABEv
                0x000019ca       0x52 C:\Users\natha\source\repos\CAPSTO~1\MAINDO~1\MAINDO~1\MAINDO~1\ARDUIN~1\Release\libArduinoCore.a(Adafruit_MCP23017.o)
                0x000019ca                _ZN17Adafruit_MCP2301710readGPIOABEv
 .text._ZN17Adafruit_MCP2301711digitalReadEh
                0x00001a1c       0x72 C:\Users\natha\source\repos\CAPSTO~1\MAINDO~1\MAINDO~1\MAINDO~1\ARDUIN~1\Release\libArduinoCore.a(Adafruit_MCP23017.o)
                0x00001a1c                _ZN17Adafruit_MCP2301711digitalReadEh
 .text._ZN17Adafruit_MCP230176pullUpEhh
                0x00001a8e       0xc6 C:\Users\natha\source\repos\CAPSTO~1\MAINDO~1\MAINDO~1\MAINDO~1\ARDUIN~1\Release\libArduinoCore.a(Adafruit_MCP23017.o)
                0x00001a8e                _ZN17Adafruit_MCP230176pullUpEhh
 .text._ZN17Adafruit_MCP2301712digitalWriteEhh
                0x00001b54       0xd2 C:\Users\natha\source\repos\CAPSTO~1\MAINDO~1\MAINDO~1\MAINDO~1\ARDUIN~1\Release\libArduinoCore.a(Adafruit_MCP23017.o)
                0x00001b54                _ZN17Adafruit_MCP2301712digitalWriteEhh
 .text._ZN7TwoWire9availableEv
                0x00001c26       0x10 C:\Users\natha\source\repos\CAPSTO~1\MAINDO~1\MAINDO~1\MAINDO~1\ARDUIN~1\Release\libArduinoCore.a(Wire.o)
                0x00001c26                _ZN7TwoWire9availableEv
 .text._ZN7TwoWire4readEv
                0x00001c36       0x28 C:\Users\natha\source\repos\CAPSTO~1\MAINDO~1\MAINDO~1\MAINDO~1\ARDUIN~1\Release\libArduinoCore.a(Wire.o)
                0x00001c36                _ZN7TwoWire4readEv
 .text._ZN7TwoWire4peekEv
                0x00001c5e       0x1e C:\Users\natha\source\repos\CAPSTO~1\MAINDO~1\MAINDO~1\MAINDO~1\ARDUIN~1\Release\libArduinoCore.a(Wire.o)
                0x00001c5e                _ZN7TwoWire4peekEv
 .text._ZN7TwoWire5flushEv
                0x00001c7c        0x2 C:\Users\natha\source\repos\CAPSTO~1\MAINDO~1\MAINDO~1\MAINDO~1\ARDUIN~1\Release\libArduinoCore.a(Wire.o)
                0x00001c7c                _ZN7TwoWire5flushEv
 .text._ZN7TwoWire16onReceiveServiceEPhi
                0x00001c7e       0x54 C:\Users\natha\source\repos\CAPSTO~1\MAINDO~1\MAINDO~1\MAINDO~1\ARDUIN~1\Release\libArduinoCore.a(Wire.o)
                0x00001c7e                _ZN7TwoWire16onReceiveServiceEPhi
 .text._ZN7TwoWire16onRequestServiceEv
                0x00001cd2       0x18 C:\Users\natha\source\repos\CAPSTO~1\MAINDO~1\MAINDO~1\MAINDO~1\ARDUIN~1\Release\libArduinoCore.a(Wire.o)
                0x00001cd2                _ZN7TwoWire16onRequestServiceEv
 .text._ZN7TwoWire5writeEPKhj
                0x00001cea       0x5a C:\Users\natha\source\repos\CAPSTO~1\MAINDO~1\MAINDO~1\MAINDO~1\ARDUIN~1\Release\libArduinoCore.a(Wire.o)
                0x00001cea                _ZN7TwoWire5writeEPKhj
 .text._ZN7TwoWire5writeEh
                0x00001d44       0x5e C:\Users\natha\source\repos\CAPSTO~1\MAINDO~1\MAINDO~1\MAINDO~1\ARDUIN~1\Release\libArduinoCore.a(Wire.o)
                0x00001d44                _ZN7TwoWire5writeEh
 .text._ZN7TwoWireC2Ev
                0x00001da2       0x20 C:\Users\natha\source\repos\CAPSTO~1\MAINDO~1\MAINDO~1\MAINDO~1\ARDUIN~1\Release\libArduinoCore.a(Wire.o)
                0x00001da2                _ZN7TwoWireC1Ev
                0x00001da2                _ZN7TwoWireC2Ev
 .text._ZN7TwoWire5beginEv
                0x00001dc2       0x24 C:\Users\natha\source\repos\CAPSTO~1\MAINDO~1\MAINDO~1\MAINDO~1\ARDUIN~1\Release\libArduinoCore.a(Wire.o)
                0x00001dc2                _ZN7TwoWire5beginEv
 .text._ZN7TwoWire17beginTransmissionEh
                0x00001de6       0x14 C:\Users\natha\source\repos\CAPSTO~1\MAINDO~1\MAINDO~1\MAINDO~1\ARDUIN~1\Release\libArduinoCore.a(Wire.o)
                0x00001de6                _ZN7TwoWire17beginTransmissionEh
 .text._ZN7TwoWire17beginTransmissionEi
                0x00001dfa        0x4 C:\Users\natha\source\repos\CAPSTO~1\MAINDO~1\MAINDO~1\MAINDO~1\ARDUIN~1\Release\libArduinoCore.a(Wire.o)
                0x00001dfa                _ZN7TwoWire17beginTransmissionEi
 .text._ZN7TwoWire15endTransmissionEh
                0x00001dfe       0x26 C:\Users\natha\source\repos\CAPSTO~1\MAINDO~1\MAINDO~1\MAINDO~1\ARDUIN~1\Release\libArduinoCore.a(Wire.o)
                0x00001dfe                _ZN7TwoWire15endTransmissionEh
 .text._ZN7TwoWire11requestFromEhhmhh
                0x00001e24       0xa8 C:\Users\natha\source\repos\CAPSTO~1\MAINDO~1\MAINDO~1\MAINDO~1\ARDUIN~1\Release\libArduinoCore.a(Wire.o)
                0x00001e24                _ZN7TwoWire11requestFromEhhmhh
 .text._ZN7TwoWire11requestFromEhhh
                0x00001ecc       0x20 C:\Users\natha\source\repos\CAPSTO~1\MAINDO~1\MAINDO~1\MAINDO~1\ARDUIN~1\Release\libArduinoCore.a(Wire.o)
                0x00001ecc                _ZN7TwoWire11requestFromEhhh
 .text._ZN7TwoWire11requestFromEii
                0x00001eec        0x6 C:\Users\natha\source\repos\CAPSTO~1\MAINDO~1\MAINDO~1\MAINDO~1\ARDUIN~1\Release\libArduinoCore.a(Wire.o)
                0x00001eec                _ZN7TwoWire11requestFromEii
 .text._ZN7TwoWire15endTransmissionEv
                0x00001ef2        0x6 C:\Users\natha\source\repos\CAPSTO~1\MAINDO~1\MAINDO~1\MAINDO~1\ARDUIN~1\Release\libArduinoCore.a(Wire.o)
                0x00001ef2                _ZN7TwoWire15endTransmissionEv
 .text.startup._GLOBAL__sub_I__ZN7TwoWire8rxBufferE
                0x00001ef8        0x8 C:\Users\natha\source\repos\CAPSTO~1\MAINDO~1\MAINDO~1\MAINDO~1\ARDUIN~1\Release\libArduinoCore.a(Wire.o)
 .text.__empty  0x00001f00        0x2 C:\Users\natha\source\repos\CAPSTO~1\MAINDO~1\MAINDO~1\MAINDO~1\ARDUIN~1\Release\libArduinoCore.a(hooks.o)
                0x00001f00                yield
 .text.twi_init
                0x00001f02       0x3c C:\Users\natha\source\repos\CAPSTO~1\MAINDO~1\MAINDO~1\MAINDO~1\ARDUIN~1\Release\libArduinoCore.a(twi.o)
                0x00001f02                twi_init
 .text.twi_readFrom
                0x00001f3e       0x90 C:\Users\natha\source\repos\CAPSTO~1\MAINDO~1\MAINDO~1\MAINDO~1\ARDUIN~1\Release\libArduinoCore.a(twi.o)
                0x00001f3e                twi_readFrom
 .text.twi_writeTo
                0x00001fce       0xac C:\Users\natha\source\repos\CAPSTO~1\MAINDO~1\MAINDO~1\MAINDO~1\ARDUIN~1\Release\libArduinoCore.a(twi.o)
                0x00001fce                twi_writeTo
 .text.twi_transmit
                0x0000207a       0x50 C:\Users\natha\source\repos\CAPSTO~1\MAINDO~1\MAINDO~1\MAINDO~1\ARDUIN~1\Release\libArduinoCore.a(twi.o)
                0x0000207a                twi_transmit
 .text.twi_attachSlaveRxEvent
                0x000020ca        0xa C:\Users\natha\source\repos\CAPSTO~1\MAINDO~1\MAINDO~1\MAINDO~1\ARDUIN~1\Release\libArduinoCore.a(twi.o)
                0x000020ca                twi_attachSlaveRxEvent
 .text.twi_attachSlaveTxEvent
                0x000020d4        0xa C:\Users\natha\source\repos\CAPSTO~1\MAINDO~1\MAINDO~1\MAINDO~1\ARDUIN~1\Release\libArduinoCore.a(twi.o)
                0x000020d4                twi_attachSlaveTxEvent
 .text.twi_stop
                0x000020de       0x14 C:\Users\natha\source\repos\CAPSTO~1\MAINDO~1\MAINDO~1\MAINDO~1\ARDUIN~1\Release\libArduinoCore.a(twi.o)
                0x000020de                twi_stop
 .text.twi_releaseBus
                0x000020f2        0xc C:\Users\natha\source\repos\CAPSTO~1\MAINDO~1\MAINDO~1\MAINDO~1\ARDUIN~1\Release\libArduinoCore.a(twi.o)
                0x000020f2                twi_releaseBus
 .text.__vector_24
                0x000020fe      0x25a C:\Users\natha\source\repos\CAPSTO~1\MAINDO~1\MAINDO~1\MAINDO~1\ARDUIN~1\Release\libArduinoCore.a(twi.o)
                0x000020fe                __vector_24
 .text.libgcc.div
                0x00002358       0x44 c:/program files (x86)/atmel/studio/7.0/toolchain/avr8/avr8-gnu-toolchain/bin/../lib/gcc/avr/5.4.0/avr5\libgcc.a(_udivmodsi4.o)
                0x00002358                __udivmodsi4
 .text.libgcc   0x0000239c        0xc c:/program files (x86)/atmel/studio/7.0/toolchain/avr8/avr8-gnu-toolchain/bin/../lib/gcc/avr/5.4.0/avr5\libgcc.a(_tablejump2.o)
                0x0000239c                __tablejump2__
 .text.avr-libc
                0x000023a8      0x242 c:/program files (x86)/atmel/studio/7.0/toolchain/avr8/avr8-gnu-toolchain/bin/../lib/gcc/avr/5.4.0/../../../../avr/lib/avr5\libc.a(malloc.o)
                0x000023a8                malloc
                0x000024d8                free
 .text.avr-libc
                0x000025ea      0x18c c:/program files (x86)/atmel/studio/7.0/toolchain/avr8/avr8-gnu-toolchain/bin/../lib/gcc/avr/5.4.0/../../../../avr/lib/avr5\libc.a(realloc.o)
                0x000025ea                realloc
 .text.avr-libc
                0x00002776       0x12 c:/program files (x86)/atmel/studio/7.0/toolchain/avr8/avr8-gnu-toolchain/bin/../lib/gcc/avr/5.4.0/../../../../avr/lib/avr5\libc.a(memcpy.o)
                0x00002776                memcpy
 .text.avr-libc
                0x00002788        0xe c:/program files (x86)/atmel/studio/7.0/toolchain/avr8/avr8-gnu-toolchain/bin/../lib/gcc/avr/5.4.0/../../../../avr/lib/avr5\libc.a(strcpy.o)
                0x00002788                strcpy
 .text.avr-libc
                0x00002796       0x44 c:/program files (x86)/atmel/studio/7.0/toolchain/avr8/avr8-gnu-toolchain/bin/../lib/gcc/avr/5.4.0/../../../../avr/lib/avr5\libc.a(sprintf.o)
                0x00002796                sprintf
 .text.avr-libc
                0x000027da      0x3c2 c:/program files (x86)/atmel/studio/7.0/toolchain/avr8/avr8-gnu-toolchain/bin/../lib/gcc/avr/5.4.0/../../../../avr/lib/avr5\libc.a(vfprintf_std.o)
                0x000027da                vfprintf
 .text.avr-libc
                0x00002b9c       0x16 c:/program files (x86)/atmel/studio/7.0/toolchain/avr8/avr8-gnu-toolchain/bin/../lib/gcc/avr/5.4.0/../../../../avr/lib/avr5\libc.a(strnlen_P.o)
                0x00002b9c                strnlen_P
 .text.avr-libc
                0x00002bb2       0x16 c:/program files (x86)/atmel/studio/7.0/toolchain/avr8/avr8-gnu-toolchain/bin/../lib/gcc/avr/5.4.0/../../../../avr/lib/avr5\libc.a(strnlen.o)
                0x00002bb2                strnlen
 .text.avr-libc
                0x00002bc8       0x78 c:/program files (x86)/atmel/studio/7.0/toolchain/avr8/avr8-gnu-toolchain/bin/../lib/gcc/avr/5.4.0/../../../../avr/lib/avr5\libc.a(fputc.o)
                0x00002bc8                fputc
 .text.avr-libc
                0x00002c40       0xbc c:/program files (x86)/atmel/studio/7.0/toolchain/avr8/avr8-gnu-toolchain/bin/../lib/gcc/avr/5.4.0/../../../../avr/lib/avr5\libc.a(ultoa_invert.o)
                0x00002c40                __ultoa_invert
 .text.libgcc.prologue
                0x00002cfc       0x38 c:/program files (x86)/atmel/studio/7.0/toolchain/avr8/avr8-gnu-toolchain/bin/../lib/gcc/avr/5.4.0/avr5\libgcc.a(_prologue.o)
                0x00002cfc                __prologue_saves__
 .text.libgcc.prologue
                0x00002d34       0x36 c:/program files (x86)/atmel/studio/7.0/toolchain/avr8/avr8-gnu-toolchain/bin/../lib/gcc/avr/5.4.0/avr5\libgcc.a(_epilogue.o)
                0x00002d34                __epilogue_restores__
                0x00002d6a                . = ALIGN (0x2)
 *(.fini9)
 .fini9         0x00002d6a        0x0 c:/program files (x86)/atmel/studio/7.0/toolchain/avr8/avr8-gnu-toolchain/bin/../lib/gcc/avr/5.4.0/avr5\libgcc.a(_exit.o)
                0x00002d6a                _exit
                0x00002d6a                exit
 *(.fini9)
 *(.fini8)
 *(.fini8)
 *(.fini7)
 *(.fini7)
 *(.fini6)
 .fini6         0x00002d6a       0x16 c:/program files (x86)/atmel/studio/7.0/toolchain/avr8/avr8-gnu-toolchain/bin/../lib/gcc/avr/5.4.0/avr5\libgcc.a(_dtors.o)
                0x00002d6a                __do_global_dtors
 *(.fini6)
 *(.fini5)
 *(.fini5)
 *(.fini4)
 *(.fini4)
 *(.fini3)
 *(.fini3)
 *(.fini2)
 *(.fini2)
 *(.fini1)
 *(.fini1)
 *(.fini0)
 .fini0         0x00002d80        0x4 c:/program files (x86)/atmel/studio/7.0/toolchain/avr8/avr8-gnu-toolchain/bin/../lib/gcc/avr/5.4.0/avr5\libgcc.a(_exit.o)
 *(.fini0)
                0x00002d84                _etext = .

.data           0x00800100       0xf8 load address 0x00002d84
                0x00800100                PROVIDE (__data_start, .)
 *(.data)
 .data          0x00800100        0x6 c:/program files (x86)/atmel/studio/7.0/toolchain/avr8/avr8-gnu-toolchain/bin/../lib/gcc/avr/5.4.0/../../../../avr/lib/avr5\libc.a(malloc.o)
                0x00800100                __malloc_heap_end
                0x00800102                __malloc_heap_start
                0x00800104                __malloc_margin
 *(.data*)
 .data.analog_reference
                0x00800106        0x1 C:\Users\natha\source\repos\CAPSTO~1\MAINDO~1\MAINDO~1\MAINDO~1\ARDUIN~1\Release\libArduinoCore.a(wiring_analog.o)
                0x00800106                analog_reference
 *(.gnu.linkonce.d*)
 *(.rodata)
 .rodata        0x00800107        0x8 C:\Users\natha\source\repos\CAPSTO~1\MAINDO~1\MAINDO~1\MAINDO~1\ARDUIN~1\Release\libArduinoCore.a(Adafruit_RGBLCDShield.o)
 *(.rodata*)
 .rodata.str1.1
                0x0080010f       0x8b Display.o
                                 0x8c (size before relaxing)
 .rodata.str1.1
                0x0080019a       0x1e Sketch.o
                                 0x1f (size before relaxing)
 .rodata._ZTV14HardwareSerial
                0x008001b8       0x12 C:\Users\natha\source\repos\CAPSTO~1\MAINDO~1\MAINDO~1\MAINDO~1\ARDUIN~1\Release\libArduinoCore.a(HardwareSerial.o)
                0x008001b8                _ZTV14HardwareSerial
 .rodata.str1.1
                0x008001ca        0xf C:\Users\natha\source\repos\CAPSTO~1\MAINDO~1\MAINDO~1\MAINDO~1\ARDUIN~1\Release\libArduinoCore.a(Print.o)
 .rodata.str1.1
                0x008001d9        0x1 C:\Users\natha\source\repos\CAPSTO~1\MAINDO~1\MAINDO~1\MAINDO~1\ARDUIN~1\Release\libArduinoCore.a(WString.o)
 .rodata._ZTV21Adafruit_RGBLCDShield
                0x008001d9        0xc C:\Users\natha\source\repos\CAPSTO~1\MAINDO~1\MAINDO~1\MAINDO~1\ARDUIN~1\Release\libArduinoCore.a(Adafruit_RGBLCDShield.o)
                0x008001d9                _ZTV21Adafruit_RGBLCDShield
 .rodata._ZTV7TwoWire
                0x008001e5       0x12 C:\Users\natha\source\repos\CAPSTO~1\MAINDO~1\MAINDO~1\MAINDO~1\ARDUIN~1\Release\libArduinoCore.a(Wire.o)
                0x008001e5                _ZTV7TwoWire
 *(.gnu.linkonce.r*)
                0x008001f8                . = ALIGN (0x2)
 *fill*         0x008001f7        0x1 
                0x008001f8                _edata = .
                0x008001f8                PROVIDE (__data_end, .)

.bss            0x008001f8      0x1a3
                0x008001f8                PROVIDE (__bss_start, .)
 *(.bss)
 *(.bss*)
 .bss.ptrsftMainDoor
                0x008001f8        0x2 Sketch.o
                0x008001f8                ptrsftMainDoor
 .bss.ptrdspMainDoor
                0x008001fa        0x2 Sketch.o
                0x008001fa                ptrdspMainDoor
 .bss.disp      0x008001fc       0x1c Sketch.o
                0x008001fc                disp
 .bss.isClosing
                0x00800218        0x1 Sketch.o
                0x00800218                isClosing
 .bss.line2     0x00800219        0x6 Sketch.o
                0x00800219                line2
 .bss.line1     0x0080021f        0x6 Sketch.o
                0x0080021f                line1
 .bss.MenuLastUpdated
                0x00800225        0x4 Sketch.o
                0x00800225                MenuLastUpdated
 .bss.MenuSelect
                0x00800229        0x2 Sketch.o
                0x00800229                MenuSelect
 .bss.CurrentMenu
                0x0080022b        0x2 Sketch.o
                0x0080022b                CurrentMenu
 .bss.Serial    0x0080022d       0x9d C:\Users\natha\source\repos\CAPSTO~1\MAINDO~1\MAINDO~1\MAINDO~1\ARDUIN~1\Release\libArduinoCore.a(HardwareSerial0.o)
                0x0080022d                Serial
 .bss.timer0_fract
                0x008002ca        0x1 C:\Users\natha\source\repos\CAPSTO~1\MAINDO~1\MAINDO~1\MAINDO~1\ARDUIN~1\Release\libArduinoCore.a(wiring.o)
 .bss.timer0_millis
                0x008002cb        0x4 C:\Users\natha\source\repos\CAPSTO~1\MAINDO~1\MAINDO~1\MAINDO~1\ARDUIN~1\Release\libArduinoCore.a(wiring.o)
                0x008002cb                timer0_millis
 .bss.timer0_overflow_count
                0x008002cf        0x4 C:\Users\natha\source\repos\CAPSTO~1\MAINDO~1\MAINDO~1\MAINDO~1\ARDUIN~1\Release\libArduinoCore.a(wiring.o)
                0x008002cf                timer0_overflow_count
 .bss.Wire      0x008002d3        0xc C:\Users\natha\source\repos\CAPSTO~1\MAINDO~1\MAINDO~1\MAINDO~1\ARDUIN~1\Release\libArduinoCore.a(Wire.o)
                0x008002d3                Wire
 .bss._ZN7TwoWire14user_onReceiveE
                0x008002df        0x2 C:\Users\natha\source\repos\CAPSTO~1\MAINDO~1\MAINDO~1\MAINDO~1\ARDUIN~1\Release\libArduinoCore.a(Wire.o)
                0x008002df                _ZN7TwoWire14user_onReceiveE
 .bss._ZN7TwoWire14user_onRequestE
                0x008002e1        0x2 C:\Users\natha\source\repos\CAPSTO~1\MAINDO~1\MAINDO~1\MAINDO~1\ARDUIN~1\Release\libArduinoCore.a(Wire.o)
                0x008002e1                _ZN7TwoWire14user_onRequestE
 .bss._ZN7TwoWire12transmittingE
                0x008002e3        0x1 C:\Users\natha\source\repos\CAPSTO~1\MAINDO~1\MAINDO~1\MAINDO~1\ARDUIN~1\Release\libArduinoCore.a(Wire.o)
                0x008002e3                _ZN7TwoWire12transmittingE
 .bss._ZN7TwoWire14txBufferLengthE
                0x008002e4        0x1 C:\Users\natha\source\repos\CAPSTO~1\MAINDO~1\MAINDO~1\MAINDO~1\ARDUIN~1\Release\libArduinoCore.a(Wire.o)
                0x008002e4                _ZN7TwoWire14txBufferLengthE
 .bss._ZN7TwoWire13txBufferIndexE
                0x008002e5        0x1 C:\Users\natha\source\repos\CAPSTO~1\MAINDO~1\MAINDO~1\MAINDO~1\ARDUIN~1\Release\libArduinoCore.a(Wire.o)
                0x008002e5                _ZN7TwoWire13txBufferIndexE
 .bss._ZN7TwoWire8txBufferE
                0x008002e6       0x20 C:\Users\natha\source\repos\CAPSTO~1\MAINDO~1\MAINDO~1\MAINDO~1\ARDUIN~1\Release\libArduinoCore.a(Wire.o)
                0x008002e6                _ZN7TwoWire8txBufferE
 .bss._ZN7TwoWire9txAddressE
                0x00800306        0x1 C:\Users\natha\source\repos\CAPSTO~1\MAINDO~1\MAINDO~1\MAINDO~1\ARDUIN~1\Release\libArduinoCore.a(Wire.o)
                0x00800306                _ZN7TwoWire9txAddressE
 .bss._ZN7TwoWire14rxBufferLengthE
                0x00800307        0x1 C:\Users\natha\source\repos\CAPSTO~1\MAINDO~1\MAINDO~1\MAINDO~1\ARDUIN~1\Release\libArduinoCore.a(Wire.o)
                0x00800307                _ZN7TwoWire14rxBufferLengthE
 .bss._ZN7TwoWire13rxBufferIndexE
                0x00800308        0x1 C:\Users\natha\source\repos\CAPSTO~1\MAINDO~1\MAINDO~1\MAINDO~1\ARDUIN~1\Release\libArduinoCore.a(Wire.o)
                0x00800308                _ZN7TwoWire13rxBufferIndexE
 .bss._ZN7TwoWire8rxBufferE
                0x00800309       0x20 C:\Users\natha\source\repos\CAPSTO~1\MAINDO~1\MAINDO~1\MAINDO~1\ARDUIN~1\Release\libArduinoCore.a(Wire.o)
                0x00800309                _ZN7TwoWire8rxBufferE
 .bss.twi_error
                0x00800329        0x1 C:\Users\natha\source\repos\CAPSTO~1\MAINDO~1\MAINDO~1\MAINDO~1\ARDUIN~1\Release\libArduinoCore.a(twi.o)
 .bss.twi_rxBufferIndex
                0x0080032a        0x1 C:\Users\natha\source\repos\CAPSTO~1\MAINDO~1\MAINDO~1\MAINDO~1\ARDUIN~1\Release\libArduinoCore.a(twi.o)
 .bss.twi_rxBuffer
                0x0080032b       0x20 C:\Users\natha\source\repos\CAPSTO~1\MAINDO~1\MAINDO~1\MAINDO~1\ARDUIN~1\Release\libArduinoCore.a(twi.o)
 .bss.twi_txBufferLength
                0x0080034b        0x1 C:\Users\natha\source\repos\CAPSTO~1\MAINDO~1\MAINDO~1\MAINDO~1\ARDUIN~1\Release\libArduinoCore.a(twi.o)
 .bss.twi_txBufferIndex
                0x0080034c        0x1 C:\Users\natha\source\repos\CAPSTO~1\MAINDO~1\MAINDO~1\MAINDO~1\ARDUIN~1\Release\libArduinoCore.a(twi.o)
 .bss.twi_txBuffer
                0x0080034d       0x20 C:\Users\natha\source\repos\CAPSTO~1\MAINDO~1\MAINDO~1\MAINDO~1\ARDUIN~1\Release\libArduinoCore.a(twi.o)
 .bss.twi_masterBufferLength
                0x0080036d        0x1 C:\Users\natha\source\repos\CAPSTO~1\MAINDO~1\MAINDO~1\MAINDO~1\ARDUIN~1\Release\libArduinoCore.a(twi.o)
 .bss.twi_masterBufferIndex
                0x0080036e        0x1 C:\Users\natha\source\repos\CAPSTO~1\MAINDO~1\MAINDO~1\MAINDO~1\ARDUIN~1\Release\libArduinoCore.a(twi.o)
 .bss.twi_masterBuffer
                0x0080036f       0x20 C:\Users\natha\source\repos\CAPSTO~1\MAINDO~1\MAINDO~1\MAINDO~1\ARDUIN~1\Release\libArduinoCore.a(twi.o)
 .bss.twi_onSlaveReceive
                0x0080038f        0x2 C:\Users\natha\source\repos\CAPSTO~1\MAINDO~1\MAINDO~1\MAINDO~1\ARDUIN~1\Release\libArduinoCore.a(twi.o)
 .bss.twi_onSlaveTransmit
                0x00800391        0x2 C:\Users\natha\source\repos\CAPSTO~1\MAINDO~1\MAINDO~1\MAINDO~1\ARDUIN~1\Release\libArduinoCore.a(twi.o)
 .bss.twi_inRepStart
                0x00800393        0x1 C:\Users\natha\source\repos\CAPSTO~1\MAINDO~1\MAINDO~1\MAINDO~1\ARDUIN~1\Release\libArduinoCore.a(twi.o)
 .bss.twi_sendStop
                0x00800394        0x1 C:\Users\natha\source\repos\CAPSTO~1\MAINDO~1\MAINDO~1\MAINDO~1\ARDUIN~1\Release\libArduinoCore.a(twi.o)
 .bss.twi_slarw
                0x00800395        0x1 C:\Users\natha\source\repos\CAPSTO~1\MAINDO~1\MAINDO~1\MAINDO~1\ARDUIN~1\Release\libArduinoCore.a(twi.o)
 .bss.twi_state
                0x00800396        0x1 C:\Users\natha\source\repos\CAPSTO~1\MAINDO~1\MAINDO~1\MAINDO~1\ARDUIN~1\Release\libArduinoCore.a(twi.o)
 *(COMMON)
 COMMON         0x00800397        0x4 c:/program files (x86)/atmel/studio/7.0/toolchain/avr8/avr8-gnu-toolchain/bin/../lib/gcc/avr/5.4.0/../../../../avr/lib/avr5\libc.a(malloc.o)
                0x00800397                __brkval
                0x00800399                __flp
                0x0080039b                PROVIDE (__bss_end, .)
                0x00002d84                __data_load_start = LOADADDR (.data)
                0x00002e7c                __data_load_end = (__data_load_start + SIZEOF (.data))

.noinit         0x0080039b        0x0
                [!provide]                PROVIDE (__noinit_start, .)
 *(.noinit*)
                [!provide]                PROVIDE (__noinit_end, .)
                0x0080039b                _end = .
                0x0080039b                PROVIDE (__heap_start, .)

.eeprom         0x00810000        0x0
 *(.eeprom*)
                0x00810000                __eeprom_end = .

.fuse
 *(.fuse)
 *(.lfuse)
 *(.hfuse)
 *(.efuse)

.lock
 *(.lock*)

.signature
 *(.signature*)

.user_signatures
 *(.user_signatures*)

.stab
 *(.stab)

.stabstr
 *(.stabstr)

.stab.excl
 *(.stab.excl)

.stab.exclstr
 *(.stab.exclstr)

.stab.index
 *(.stab.index)

.stab.indexstr
 *(.stab.indexstr)

.comment        0x00000000       0x5c
 *(.comment)
 .comment       0x00000000       0x30 Display.o
                                 0x31 (size before relaxing)
 .comment       0x00000030       0x31 Safety.o
 .comment       0x00000030       0x31 Sketch.o
 .comment       0x00000030       0x31 C:\Users\natha\source\repos\CAPSTO~1\MAINDO~1\MAINDO~1\MAINDO~1\ARDUIN~1\Release\libArduinoCore.a(HardwareSerial.o)
 .comment       0x00000030       0x31 C:\Users\natha\source\repos\CAPSTO~1\MAINDO~1\MAINDO~1\MAINDO~1\ARDUIN~1\Release\libArduinoCore.a(HardwareSerial0.o)
 .comment       0x00000030       0x31 C:\Users\natha\source\repos\CAPSTO~1\MAINDO~1\MAINDO~1\MAINDO~1\ARDUIN~1\Release\libArduinoCore.a(main.o)
 .comment       0x00000030       0x31 C:\Users\natha\source\repos\CAPSTO~1\MAINDO~1\MAINDO~1\MAINDO~1\ARDUIN~1\Release\libArduinoCore.a(new.o)
 .comment       0x00000030       0x31 C:\Users\natha\source\repos\CAPSTO~1\MAINDO~1\MAINDO~1\MAINDO~1\ARDUIN~1\Release\libArduinoCore.a(Print.o)
 .comment       0x00000030       0x31 C:\Users\natha\source\repos\CAPSTO~1\MAINDO~1\MAINDO~1\MAINDO~1\ARDUIN~1\Release\libArduinoCore.a(wiring.o)
 .comment       0x00000030       0x31 C:\Users\natha\source\repos\CAPSTO~1\MAINDO~1\MAINDO~1\MAINDO~1\ARDUIN~1\Release\libArduinoCore.a(wiring_analog.o)
 .comment       0x00000030       0x31 C:\Users\natha\source\repos\CAPSTO~1\MAINDO~1\MAINDO~1\MAINDO~1\ARDUIN~1\Release\libArduinoCore.a(wiring_digital.o)
 .comment       0x00000030       0x31 C:\Users\natha\source\repos\CAPSTO~1\MAINDO~1\MAINDO~1\MAINDO~1\ARDUIN~1\Release\libArduinoCore.a(WString.o)
 .comment       0x00000030       0x31 C:\Users\natha\source\repos\CAPSTO~1\MAINDO~1\MAINDO~1\MAINDO~1\ARDUIN~1\Release\libArduinoCore.a(Adafruit_RGBLCDShield.o)
 .comment       0x00000030       0x31 C:\Users\natha\source\repos\CAPSTO~1\MAINDO~1\MAINDO~1\MAINDO~1\ARDUIN~1\Release\libArduinoCore.a(Adafruit_MCP23017.o)
 .comment       0x00000030       0x31 C:\Users\natha\source\repos\CAPSTO~1\MAINDO~1\MAINDO~1\MAINDO~1\ARDUIN~1\Release\libArduinoCore.a(Wire.o)
 .comment       0x00000030       0x31 C:\Users\natha\source\repos\CAPSTO~1\MAINDO~1\MAINDO~1\MAINDO~1\ARDUIN~1\Release\libArduinoCore.a(hooks.o)
 .comment       0x00000030       0x31 C:\Users\natha\source\repos\CAPSTO~1\MAINDO~1\MAINDO~1\MAINDO~1\ARDUIN~1\Release\libArduinoCore.a(twi.o)
 .comment       0x00000030       0x31 c:/program files (x86)/atmel/studio/7.0/toolchain/avr8/avr8-gnu-toolchain/bin/../lib/gcc/avr/5.4.0/../../../../avr/lib/avr5\libc.a(malloc.o)
 .comment       0x00000030       0x31 c:/program files (x86)/atmel/studio/7.0/toolchain/avr8/avr8-gnu-toolchain/bin/../lib/gcc/avr/5.4.0/../../../../avr/lib/avr5\libc.a(realloc.o)
 .comment       0x00000030       0x31 c:/program files (x86)/atmel/studio/7.0/toolchain/avr8/avr8-gnu-toolchain/bin/../lib/gcc/avr/5.4.0/../../../../avr/lib/avr5\libc.a(sprintf.o)
 .comment       0x00000030       0x2c c:/program files (x86)/atmel/studio/7.0/toolchain/avr8/avr8-gnu-toolchain/bin/../lib/gcc/avr/5.4.0/../../../../avr/lib/avr5\libc.a(vfprintf_std.o)
                                 0x2d (size before relaxing)
 .comment       0x0000005c       0x31 c:/program files (x86)/atmel/studio/7.0/toolchain/avr8/avr8-gnu-toolchain/bin/../lib/gcc/avr/5.4.0/../../../../avr/lib/avr5\libc.a(fputc.o)

.note.gnu.avr.deviceinfo
                0x00000000       0x40
 .note.gnu.avr.deviceinfo
                0x00000000       0x40 C:/Program Files (x86)/Atmel/Studio/7.0/Packs/atmel/ATmega_DFP/1.2.209/gcc/dev/atmega328p/avr5/crtatmega328p.o

.note.gnu.build-id
 *(.note.gnu.build-id)

.debug
 *(.debug)

.line
 *(.line)

.debug_srcinfo
 *(.debug_srcinfo)

.debug_sfnames
 *(.debug_sfnames)

.debug_aranges  0x00000000      0x878
 *(.debug_aranges)
 .debug_aranges
                0x00000000       0x68 C:\Users\natha\source\repos\CAPSTO~1\MAINDO~1\MAINDO~1\MAINDO~1\ARDUIN~1\Release\libArduinoCore.a(HardwareSerial.o)
 .debug_aranges
                0x00000068       0x48 C:\Users\natha\source\repos\CAPSTO~1\MAINDO~1\MAINDO~1\MAINDO~1\ARDUIN~1\Release\libArduinoCore.a(HardwareSerial0.o)
 .debug_aranges
                0x000000b0       0x30 C:\Users\natha\source\repos\CAPSTO~1\MAINDO~1\MAINDO~1\MAINDO~1\ARDUIN~1\Release\libArduinoCore.a(main.o)
 .debug_aranges
                0x000000e0       0x28 C:\Users\natha\source\repos\CAPSTO~1\MAINDO~1\MAINDO~1\MAINDO~1\ARDUIN~1\Release\libArduinoCore.a(new.o)
 .debug_aranges
                0x00000108      0x100 C:\Users\natha\source\repos\CAPSTO~1\MAINDO~1\MAINDO~1\MAINDO~1\ARDUIN~1\Release\libArduinoCore.a(Print.o)
 .debug_aranges
                0x00000208       0x48 C:\Users\natha\source\repos\CAPSTO~1\MAINDO~1\MAINDO~1\MAINDO~1\ARDUIN~1\Release\libArduinoCore.a(wiring.o)
 .debug_aranges
                0x00000250       0x30 C:\Users\natha\source\repos\CAPSTO~1\MAINDO~1\MAINDO~1\MAINDO~1\ARDUIN~1\Release\libArduinoCore.a(wiring_analog.o)
 .debug_aranges
                0x00000280       0x38 C:\Users\natha\source\repos\CAPSTO~1\MAINDO~1\MAINDO~1\MAINDO~1\ARDUIN~1\Release\libArduinoCore.a(wiring_digital.o)
 .debug_aranges
                0x000002b8      0x2b8 C:\Users\natha\source\repos\CAPSTO~1\MAINDO~1\MAINDO~1\MAINDO~1\ARDUIN~1\Release\libArduinoCore.a(WString.o)
 .debug_aranges
                0x00000570      0x110 C:\Users\natha\source\repos\CAPSTO~1\MAINDO~1\MAINDO~1\MAINDO~1\ARDUIN~1\Release\libArduinoCore.a(Adafruit_RGBLCDShield.o)
 .debug_aranges
                0x00000680       0x60 C:\Users\natha\source\repos\CAPSTO~1\MAINDO~1\MAINDO~1\MAINDO~1\ARDUIN~1\Release\libArduinoCore.a(Adafruit_MCP23017.o)
 .debug_aranges
                0x000006e0       0xf8 C:\Users\natha\source\repos\CAPSTO~1\MAINDO~1\MAINDO~1\MAINDO~1\ARDUIN~1\Release\libArduinoCore.a(Wire.o)
 .debug_aranges
                0x000007d8       0x20 C:\Users\natha\source\repos\CAPSTO~1\MAINDO~1\MAINDO~1\MAINDO~1\ARDUIN~1\Release\libArduinoCore.a(hooks.o)
 .debug_aranges
                0x000007f8       0x80 C:\Users\natha\source\repos\CAPSTO~1\MAINDO~1\MAINDO~1\MAINDO~1\ARDUIN~1\Release\libArduinoCore.a(twi.o)

.debug_pubnames
 *(.debug_pubnames)

.debug_info     0x00000000    0x10e52
 *(.debug_info .gnu.linkonce.wi.*)
 .debug_info    0x00000000      0x5f4 C:/Program Files (x86)/Atmel/Studio/7.0/Packs/atmel/ATmega_DFP/1.2.209/gcc/dev/atmega328p/avr5/crtatmega328p.o
 .debug_info    0x000005f4     0x1f64 C:\Users\natha\source\repos\CAPSTO~1\MAINDO~1\MAINDO~1\MAINDO~1\ARDUIN~1\Release\libArduinoCore.a(HardwareSerial.o)
 .debug_info    0x00002558     0x1b16 C:\Users\natha\source\repos\CAPSTO~1\MAINDO~1\MAINDO~1\MAINDO~1\ARDUIN~1\Release\libArduinoCore.a(HardwareSerial0.o)
 .debug_info    0x0000406e      0x237 C:\Users\natha\source\repos\CAPSTO~1\MAINDO~1\MAINDO~1\MAINDO~1\ARDUIN~1\Release\libArduinoCore.a(main.o)
 .debug_info    0x000042a5      0x11c C:\Users\natha\source\repos\CAPSTO~1\MAINDO~1\MAINDO~1\MAINDO~1\ARDUIN~1\Release\libArduinoCore.a(new.o)
 .debug_info    0x000043c1     0x28ff C:\Users\natha\source\repos\CAPSTO~1\MAINDO~1\MAINDO~1\MAINDO~1\ARDUIN~1\Release\libArduinoCore.a(Print.o)
 .debug_info    0x00006cc0      0x2cb C:\Users\natha\source\repos\CAPSTO~1\MAINDO~1\MAINDO~1\MAINDO~1\ARDUIN~1\Release\libArduinoCore.a(wiring.o)
 .debug_info    0x00006f8b      0x26d C:\Users\natha\source\repos\CAPSTO~1\MAINDO~1\MAINDO~1\MAINDO~1\ARDUIN~1\Release\libArduinoCore.a(wiring_analog.o)
 .debug_info    0x000071f8      0x5fe C:\Users\natha\source\repos\CAPSTO~1\MAINDO~1\MAINDO~1\MAINDO~1\ARDUIN~1\Release\libArduinoCore.a(wiring_digital.o)
 .debug_info    0x000077f6     0x4338 C:\Users\natha\source\repos\CAPSTO~1\MAINDO~1\MAINDO~1\MAINDO~1\ARDUIN~1\Release\libArduinoCore.a(WString.o)
 .debug_info    0x0000bb2e     0x1ba5 C:\Users\natha\source\repos\CAPSTO~1\MAINDO~1\MAINDO~1\MAINDO~1\ARDUIN~1\Release\libArduinoCore.a(Adafruit_RGBLCDShield.o)
 .debug_info    0x0000d6d3      0x98d C:\Users\natha\source\repos\CAPSTO~1\MAINDO~1\MAINDO~1\MAINDO~1\ARDUIN~1\Release\libArduinoCore.a(Adafruit_MCP23017.o)
 .debug_info    0x0000e060     0x27b0 C:\Users\natha\source\repos\CAPSTO~1\MAINDO~1\MAINDO~1\MAINDO~1\ARDUIN~1\Release\libArduinoCore.a(Wire.o)
 .debug_info    0x00010810       0x3e C:\Users\natha\source\repos\CAPSTO~1\MAINDO~1\MAINDO~1\MAINDO~1\ARDUIN~1\Release\libArduinoCore.a(hooks.o)
 .debug_info    0x0001084e      0x604 C:\Users\natha\source\repos\CAPSTO~1\MAINDO~1\MAINDO~1\MAINDO~1\ARDUIN~1\Release\libArduinoCore.a(twi.o)

.debug_abbrev   0x00000000     0x2bf2
 *(.debug_abbrev)
 .debug_abbrev  0x00000000      0x5a2 C:/Program Files (x86)/Atmel/Studio/7.0/Packs/atmel/ATmega_DFP/1.2.209/gcc/dev/atmega328p/avr5/crtatmega328p.o
 .debug_abbrev  0x000005a2      0x4b7 C:\Users\natha\source\repos\CAPSTO~1\MAINDO~1\MAINDO~1\MAINDO~1\ARDUIN~1\Release\libArduinoCore.a(HardwareSerial.o)
 .debug_abbrev  0x00000a59      0x3ce C:\Users\natha\source\repos\CAPSTO~1\MAINDO~1\MAINDO~1\MAINDO~1\ARDUIN~1\Release\libArduinoCore.a(HardwareSerial0.o)
 .debug_abbrev  0x00000e27      0x12d C:\Users\natha\source\repos\CAPSTO~1\MAINDO~1\MAINDO~1\MAINDO~1\ARDUIN~1\Release\libArduinoCore.a(main.o)
 .debug_abbrev  0x00000f54       0xce C:\Users\natha\source\repos\CAPSTO~1\MAINDO~1\MAINDO~1\MAINDO~1\ARDUIN~1\Release\libArduinoCore.a(new.o)
 .debug_abbrev  0x00001022      0x47a C:\Users\natha\source\repos\CAPSTO~1\MAINDO~1\MAINDO~1\MAINDO~1\ARDUIN~1\Release\libArduinoCore.a(Print.o)
 .debug_abbrev  0x0000149c      0x146 C:\Users\natha\source\repos\CAPSTO~1\MAINDO~1\MAINDO~1\MAINDO~1\ARDUIN~1\Release\libArduinoCore.a(wiring.o)
 .debug_abbrev  0x000015e2      0x16b C:\Users\natha\source\repos\CAPSTO~1\MAINDO~1\MAINDO~1\MAINDO~1\ARDUIN~1\Release\libArduinoCore.a(wiring_analog.o)
 .debug_abbrev  0x0000174d      0x15b C:\Users\natha\source\repos\CAPSTO~1\MAINDO~1\MAINDO~1\MAINDO~1\ARDUIN~1\Release\libArduinoCore.a(wiring_digital.o)
 .debug_abbrev  0x000018a8      0x4c2 C:\Users\natha\source\repos\CAPSTO~1\MAINDO~1\MAINDO~1\MAINDO~1\ARDUIN~1\Release\libArduinoCore.a(WString.o)
 .debug_abbrev  0x00001d6a      0x43e C:\Users\natha\source\repos\CAPSTO~1\MAINDO~1\MAINDO~1\MAINDO~1\ARDUIN~1\Release\libArduinoCore.a(Adafruit_RGBLCDShield.o)
 .debug_abbrev  0x000021a8      0x23f C:\Users\natha\source\repos\CAPSTO~1\MAINDO~1\MAINDO~1\MAINDO~1\ARDUIN~1\Release\libArduinoCore.a(Adafruit_MCP23017.o)
 .debug_abbrev  0x000023e7      0x581 C:\Users\natha\source\repos\CAPSTO~1\MAINDO~1\MAINDO~1\MAINDO~1\ARDUIN~1\Release\libArduinoCore.a(Wire.o)
 .debug_abbrev  0x00002968       0x2a C:\Users\natha\source\repos\CAPSTO~1\MAINDO~1\MAINDO~1\MAINDO~1\ARDUIN~1\Release\libArduinoCore.a(hooks.o)
 .debug_abbrev  0x00002992      0x260 C:\Users\natha\source\repos\CAPSTO~1\MAINDO~1\MAINDO~1\MAINDO~1\ARDUIN~1\Release\libArduinoCore.a(twi.o)

.debug_line     0x00000000     0x45da
 *(.debug_line .debug_line.* .debug_line_end)
 .debug_line    0x00000000      0x133 C:/Program Files (x86)/Atmel/Studio/7.0/Packs/atmel/ATmega_DFP/1.2.209/gcc/dev/atmega328p/avr5/crtatmega328p.o
 .debug_line    0x00000133      0x4c4 C:\Users\natha\source\repos\CAPSTO~1\MAINDO~1\MAINDO~1\MAINDO~1\ARDUIN~1\Release\libArduinoCore.a(HardwareSerial.o)
 .debug_line    0x000005f7      0x28c C:\Users\natha\source\repos\CAPSTO~1\MAINDO~1\MAINDO~1\MAINDO~1\ARDUIN~1\Release\libArduinoCore.a(HardwareSerial0.o)
 .debug_line    0x00000883      0x165 C:\Users\natha\source\repos\CAPSTO~1\MAINDO~1\MAINDO~1\MAINDO~1\ARDUIN~1\Release\libArduinoCore.a(main.o)
 .debug_line    0x000009e8      0x12f C:\Users\natha\source\repos\CAPSTO~1\MAINDO~1\MAINDO~1\MAINDO~1\ARDUIN~1\Release\libArduinoCore.a(new.o)
 .debug_line    0x00000b17      0x685 C:\Users\natha\source\repos\CAPSTO~1\MAINDO~1\MAINDO~1\MAINDO~1\ARDUIN~1\Release\libArduinoCore.a(Print.o)
 .debug_line    0x0000119c      0x299 C:\Users\natha\source\repos\CAPSTO~1\MAINDO~1\MAINDO~1\MAINDO~1\ARDUIN~1\Release\libArduinoCore.a(wiring.o)
 .debug_line    0x00001435      0x20f C:\Users\natha\source\repos\CAPSTO~1\MAINDO~1\MAINDO~1\MAINDO~1\ARDUIN~1\Release\libArduinoCore.a(wiring_analog.o)
 .debug_line    0x00001644      0x252 C:\Users\natha\source\repos\CAPSTO~1\MAINDO~1\MAINDO~1\MAINDO~1\ARDUIN~1\Release\libArduinoCore.a(wiring_digital.o)
 .debug_line    0x00001896     0x1355 C:\Users\natha\source\repos\CAPSTO~1\MAINDO~1\MAINDO~1\MAINDO~1\ARDUIN~1\Release\libArduinoCore.a(WString.o)
 .debug_line    0x00002beb      0x9a0 C:\Users\natha\source\repos\CAPSTO~1\MAINDO~1\MAINDO~1\MAINDO~1\ARDUIN~1\Release\libArduinoCore.a(Adafruit_RGBLCDShield.o)
 .debug_line    0x0000358b      0x52d C:\Users\natha\source\repos\CAPSTO~1\MAINDO~1\MAINDO~1\MAINDO~1\ARDUIN~1\Release\libArduinoCore.a(Adafruit_MCP23017.o)
 .debug_line    0x00003ab8      0x5ec C:\Users\natha\source\repos\CAPSTO~1\MAINDO~1\MAINDO~1\MAINDO~1\ARDUIN~1\Release\libArduinoCore.a(Wire.o)
 .debug_line    0x000040a4       0x41 C:\Users\natha\source\repos\CAPSTO~1\MAINDO~1\MAINDO~1\MAINDO~1\ARDUIN~1\Release\libArduinoCore.a(hooks.o)
 .debug_line    0x000040e5      0x4f5 C:\Users\natha\source\repos\CAPSTO~1\MAINDO~1\MAINDO~1\MAINDO~1\ARDUIN~1\Release\libArduinoCore.a(twi.o)

.debug_frame    0x00000000     0x1aa8
 *(.debug_frame)
 .debug_frame   0x00000000      0x110 C:\Users\natha\source\repos\CAPSTO~1\MAINDO~1\MAINDO~1\MAINDO~1\ARDUIN~1\Release\libArduinoCore.a(HardwareSerial.o)
 .debug_frame   0x00000110       0xe0 C:\Users\natha\source\repos\CAPSTO~1\MAINDO~1\MAINDO~1\MAINDO~1\ARDUIN~1\Release\libArduinoCore.a(HardwareSerial0.o)
 .debug_frame   0x000001f0       0x54 C:\Users\natha\source\repos\CAPSTO~1\MAINDO~1\MAINDO~1\MAINDO~1\ARDUIN~1\Release\libArduinoCore.a(main.o)
 .debug_frame   0x00000244       0x54 C:\Users\natha\source\repos\CAPSTO~1\MAINDO~1\MAINDO~1\MAINDO~1\ARDUIN~1\Release\libArduinoCore.a(new.o)
 .debug_frame   0x00000298      0x3ac C:\Users\natha\source\repos\CAPSTO~1\MAINDO~1\MAINDO~1\MAINDO~1\ARDUIN~1\Release\libArduinoCore.a(Print.o)
 .debug_frame   0x00000644       0xc4 C:\Users\natha\source\repos\CAPSTO~1\MAINDO~1\MAINDO~1\MAINDO~1\ARDUIN~1\Release\libArduinoCore.a(wiring.o)
 .debug_frame   0x00000708       0x54 C:\Users\natha\source\repos\CAPSTO~1\MAINDO~1\MAINDO~1\MAINDO~1\ARDUIN~1\Release\libArduinoCore.a(wiring_analog.o)
 .debug_frame   0x0000075c       0x7c C:\Users\natha\source\repos\CAPSTO~1\MAINDO~1\MAINDO~1\MAINDO~1\ARDUIN~1\Release\libArduinoCore.a(wiring_digital.o)
 .debug_frame   0x000007d8      0xa60 C:\Users\natha\source\repos\CAPSTO~1\MAINDO~1\MAINDO~1\MAINDO~1\ARDUIN~1\Release\libArduinoCore.a(WString.o)
 .debug_frame   0x00001238      0x364 C:\Users\natha\source\repos\CAPSTO~1\MAINDO~1\MAINDO~1\MAINDO~1\ARDUIN~1\Release\libArduinoCore.a(Adafruit_RGBLCDShield.o)
 .debug_frame   0x0000159c      0x134 C:\Users\natha\source\repos\CAPSTO~1\MAINDO~1\MAINDO~1\MAINDO~1\ARDUIN~1\Release\libArduinoCore.a(Adafruit_MCP23017.o)
 .debug_frame   0x000016d0      0x280 C:\Users\natha\source\repos\CAPSTO~1\MAINDO~1\MAINDO~1\MAINDO~1\ARDUIN~1\Release\libArduinoCore.a(Wire.o)
 .debug_frame   0x00001950       0x24 C:\Users\natha\source\repos\CAPSTO~1\MAINDO~1\MAINDO~1\MAINDO~1\ARDUIN~1\Release\libArduinoCore.a(hooks.o)
 .debug_frame   0x00001974      0x134 C:\Users\natha\source\repos\CAPSTO~1\MAINDO~1\MAINDO~1\MAINDO~1\ARDUIN~1\Release\libArduinoCore.a(twi.o)

.debug_str      0x00000000     0x334a
 *(.debug_str)
 .debug_str     0x00000000      0x208 C:/Program Files (x86)/Atmel/Studio/7.0/Packs/atmel/ATmega_DFP/1.2.209/gcc/dev/atmega328p/avr5/crtatmega328p.o
 .debug_str     0x00000208     0x1572 C:\Users\natha\source\repos\CAPSTO~1\MAINDO~1\MAINDO~1\MAINDO~1\ARDUIN~1\Release\libArduinoCore.a(HardwareSerial.o)
                               0x1627 (size before relaxing)
 .debug_str     0x0000177a       0xca C:\Users\natha\source\repos\CAPSTO~1\MAINDO~1\MAINDO~1\MAINDO~1\ARDUIN~1\Release\libArduinoCore.a(HardwareSerial0.o)
                               0x141a (size before relaxing)
 .debug_str     0x00001844       0x42 C:\Users\natha\source\repos\CAPSTO~1\MAINDO~1\MAINDO~1\MAINDO~1\ARDUIN~1\Release\libArduinoCore.a(main.o)
                                0x2c6 (size before relaxing)
 .debug_str     0x00001886       0x50 C:\Users\natha\source\repos\CAPSTO~1\MAINDO~1\MAINDO~1\MAINDO~1\ARDUIN~1\Release\libArduinoCore.a(new.o)
                                0x1dc (size before relaxing)
 .debug_str     0x000018d6      0x3ec C:\Users\natha\source\repos\CAPSTO~1\MAINDO~1\MAINDO~1\MAINDO~1\ARDUIN~1\Release\libArduinoCore.a(Print.o)
                               0x1254 (size before relaxing)
 .debug_str     0x00001cc2      0x162 C:\Users\natha\source\repos\CAPSTO~1\MAINDO~1\MAINDO~1\MAINDO~1\ARDUIN~1\Release\libArduinoCore.a(wiring.o)
                                0x25c (size before relaxing)
 .debug_str     0x00001e24       0x72 C:\Users\natha\source\repos\CAPSTO~1\MAINDO~1\MAINDO~1\MAINDO~1\ARDUIN~1\Release\libArduinoCore.a(wiring_analog.o)
                                0x260 (size before relaxing)
 .debug_str     0x00001e96       0xa9 C:\Users\natha\source\repos\CAPSTO~1\MAINDO~1\MAINDO~1\MAINDO~1\ARDUIN~1\Release\libArduinoCore.a(wiring_digital.o)
                                0x2c1 (size before relaxing)
 .debug_str     0x00001f3f      0x3f2 C:\Users\natha\source\repos\CAPSTO~1\MAINDO~1\MAINDO~1\MAINDO~1\ARDUIN~1\Release\libArduinoCore.a(WString.o)
                               0x11a7 (size before relaxing)
 .debug_str     0x00002331      0x87d C:\Users\natha\source\repos\CAPSTO~1\MAINDO~1\MAINDO~1\MAINDO~1\ARDUIN~1\Release\libArduinoCore.a(Adafruit_RGBLCDShield.o)
                                0xbd6 (size before relaxing)
 .debug_str     0x00002bae      0x147 C:\Users\natha\source\repos\CAPSTO~1\MAINDO~1\MAINDO~1\MAINDO~1\ARDUIN~1\Release\libArduinoCore.a(Adafruit_MCP23017.o)
                                0x57d (size before relaxing)
 .debug_str     0x00002cf5      0x4e8 C:\Users\natha\source\repos\CAPSTO~1\MAINDO~1\MAINDO~1\MAINDO~1\ARDUIN~1\Release\libArduinoCore.a(Wire.o)
                               0x18d3 (size before relaxing)
 .debug_str     0x000031dd       0x1c C:\Users\natha\source\repos\CAPSTO~1\MAINDO~1\MAINDO~1\MAINDO~1\ARDUIN~1\Release\libArduinoCore.a(hooks.o)
                                0x151 (size before relaxing)
 .debug_str     0x000031f9      0x151 C:\Users\natha\source\repos\CAPSTO~1\MAINDO~1\MAINDO~1\MAINDO~1\ARDUIN~1\Release\libArduinoCore.a(twi.o)
                                0x3dc (size before relaxing)

.debug_loc      0x00000000     0x9894
 *(.debug_loc)
 .debug_loc     0x00000000      0x4dc C:\Users\natha\source\repos\CAPSTO~1\MAINDO~1\MAINDO~1\MAINDO~1\ARDUIN~1\Release\libArduinoCore.a(HardwareSerial.o)
 .debug_loc     0x000004dc      0x1b0 C:\Users\natha\source\repos\CAPSTO~1\MAINDO~1\MAINDO~1\MAINDO~1\ARDUIN~1\Release\libArduinoCore.a(HardwareSerial0.o)
 .debug_loc     0x0000068c       0x4c C:\Users\natha\source\repos\CAPSTO~1\MAINDO~1\MAINDO~1\MAINDO~1\ARDUIN~1\Release\libArduinoCore.a(new.o)
 .debug_loc     0x000006d8     0x1c87 C:\Users\natha\source\repos\CAPSTO~1\MAINDO~1\MAINDO~1\MAINDO~1\ARDUIN~1\Release\libArduinoCore.a(Print.o)
 .debug_loc     0x0000235f      0x28d C:\Users\natha\source\repos\CAPSTO~1\MAINDO~1\MAINDO~1\MAINDO~1\ARDUIN~1\Release\libArduinoCore.a(wiring.o)
 .debug_loc     0x000025ec       0xfe C:\Users\natha\source\repos\CAPSTO~1\MAINDO~1\MAINDO~1\MAINDO~1\ARDUIN~1\Release\libArduinoCore.a(wiring_analog.o)
 .debug_loc     0x000026ea      0x5fc C:\Users\natha\source\repos\CAPSTO~1\MAINDO~1\MAINDO~1\MAINDO~1\ARDUIN~1\Release\libArduinoCore.a(wiring_digital.o)
 .debug_loc     0x00002ce6     0x422d C:\Users\natha\source\repos\CAPSTO~1\MAINDO~1\MAINDO~1\MAINDO~1\ARDUIN~1\Release\libArduinoCore.a(WString.o)
 .debug_loc     0x00006f13     0x127a C:\Users\natha\source\repos\CAPSTO~1\MAINDO~1\MAINDO~1\MAINDO~1\ARDUIN~1\Release\libArduinoCore.a(Adafruit_RGBLCDShield.o)
 .debug_loc     0x0000818d      0x73b C:\Users\natha\source\repos\CAPSTO~1\MAINDO~1\MAINDO~1\MAINDO~1\ARDUIN~1\Release\libArduinoCore.a(Adafruit_MCP23017.o)
 .debug_loc     0x000088c8      0xbe6 C:\Users\natha\source\repos\CAPSTO~1\MAINDO~1\MAINDO~1\MAINDO~1\ARDUIN~1\Release\libArduinoCore.a(Wire.o)
 .debug_loc     0x000094ae      0x3e6 C:\Users\natha\source\repos\CAPSTO~1\MAINDO~1\MAINDO~1\MAINDO~1\ARDUIN~1\Release\libArduinoCore.a(twi.o)

.debug_macinfo
 *(.debug_macinfo)

.debug_weaknames
 *(.debug_weaknames)

.debug_funcnames
 *(.debug_funcnames)

.debug_typenames
 *(.debug_typenames)

.debug_varnames
 *(.debug_varnames)

.debug_pubtypes
 *(.debug_pubtypes)

.debug_ranges   0x00000000      0x848
 *(.debug_ranges)
 .debug_ranges  0x00000000       0x58 C:\Users\natha\source\repos\CAPSTO~1\MAINDO~1\MAINDO~1\MAINDO~1\ARDUIN~1\Release\libArduinoCore.a(HardwareSerial.o)
 .debug_ranges  0x00000058       0x38 C:\Users\natha\source\repos\CAPSTO~1\MAINDO~1\MAINDO~1\MAINDO~1\ARDUIN~1\Release\libArduinoCore.a(HardwareSerial0.o)
 .debug_ranges  0x00000090       0x20 C:\Users\natha\source\repos\CAPSTO~1\MAINDO~1\MAINDO~1\MAINDO~1\ARDUIN~1\Release\libArduinoCore.a(main.o)
 .debug_ranges  0x000000b0       0x18 C:\Users\natha\source\repos\CAPSTO~1\MAINDO~1\MAINDO~1\MAINDO~1\ARDUIN~1\Release\libArduinoCore.a(new.o)
 .debug_ranges  0x000000c8      0x120 C:\Users\natha\source\repos\CAPSTO~1\MAINDO~1\MAINDO~1\MAINDO~1\ARDUIN~1\Release\libArduinoCore.a(Print.o)
 .debug_ranges  0x000001e8       0x38 C:\Users\natha\source\repos\CAPSTO~1\MAINDO~1\MAINDO~1\MAINDO~1\ARDUIN~1\Release\libArduinoCore.a(wiring.o)
 .debug_ranges  0x00000220       0x20 C:\Users\natha\source\repos\CAPSTO~1\MAINDO~1\MAINDO~1\MAINDO~1\ARDUIN~1\Release\libArduinoCore.a(wiring_analog.o)
 .debug_ranges  0x00000240       0x28 C:\Users\natha\source\repos\CAPSTO~1\MAINDO~1\MAINDO~1\MAINDO~1\ARDUIN~1\Release\libArduinoCore.a(wiring_digital.o)
 .debug_ranges  0x00000268      0x2f8 C:\Users\natha\source\repos\CAPSTO~1\MAINDO~1\MAINDO~1\MAINDO~1\ARDUIN~1\Release\libArduinoCore.a(WString.o)
 .debug_ranges  0x00000560      0x130 C:\Users\natha\source\repos\CAPSTO~1\MAINDO~1\MAINDO~1\MAINDO~1\ARDUIN~1\Release\libArduinoCore.a(Adafruit_RGBLCDShield.o)
 .debug_ranges  0x00000690       0x50 C:\Users\natha\source\repos\CAPSTO~1\MAINDO~1\MAINDO~1\MAINDO~1\ARDUIN~1\Release\libArduinoCore.a(Adafruit_MCP23017.o)
 .debug_ranges  0x000006e0       0xe8 C:\Users\natha\source\repos\CAPSTO~1\MAINDO~1\MAINDO~1\MAINDO~1\ARDUIN~1\Release\libArduinoCore.a(Wire.o)
 .debug_ranges  0x000007c8       0x10 C:\Users\natha\source\repos\CAPSTO~1\MAINDO~1\MAINDO~1\MAINDO~1\ARDUIN~1\Release\libArduinoCore.a(hooks.o)
 .debug_ranges  0x000007d8       0x70 C:\Users\natha\source\repos\CAPSTO~1\MAINDO~1\MAINDO~1\MAINDO~1\ARDUIN~1\Release\libArduinoCore.a(twi.o)

.debug_macro
 *(.debug_macro)
OUTPUT(demo_analog.elf elf32-avr)
LOAD linker stubs
